```
DDR Version V1.08 20220617
LPDDR4X, 2112MHz
channel[0] BW=16 Col=10 Bk=8 CS0 Row=16 CS=1 Die BW=16 Size=1024MB
channel[1] BW=16 Col=10 Bk=8 CS0 Row=16 CS=1 Die BW=16 Size=1024MB
channel[2] BW=16 Col=10 Bk=8 CS0 Row=16 CS=1 Die BW=16 Size=1024MB
channel[3] BW=16 Col=10 Bk=8 CS0 Row=16 CS=1 Die BW=16 Size=1024MB
Manufacturer ID:0x1 Samsung
CH0 RX Vref:33.7%, TX Vref:19.8%,0.0%
CH1 RX Vref:32.7%, TX Vref:18.8%,0.0%
CH2 RX Vref:33.7%, TX Vref:19.8%,0.0%
CH3 RX Vref:33.7%, TX Vref:18.8%,0.0%
change to F1: 528MHz
change to F2: 1068MHz
change to F3: 1560MHz
change to F0: 2112MHz
out
U-Boot SPL board init
U-Boot SPL 2017.09-gc060f28d70-220414 #zyf (Apr 18 2022 - 18:13:34)
Failed to set cpub01
Failed to set cpub23
unknown raw ID phN
unrecognized JEDEC id bytes: 00, 00, 00
Trying to boot from MMC2
Trying fit image at 0x4000 sector
## Verified-boot: 0
## Checking atf-1 0x00040000 ... sha256(ce2098067b...) + OK
## Checking uboot 0x00200000 ... sha256(b08efe298f...) + OK
## Checking fdt 0x0035b300 ... sha256(c07f4a4d71...) + OK
## Checking atf-2 0x000f0000 ... sha256(ebc45c531e...) + OK
## Checking atf-3 0xff100000 ... sha256(9ded9f3bb5...) + OK
## Checking optee 0x08400000 ... sha256(fde0860845...) + OK
Jumping to U-Boot(0x00200000) via ARM Trusted Firmware(0x00040000)
Total: 250.56 ms

INFO:    Preloader serial: 2
NOTICE:  BL31: v2.3():v2.3-444-g1450d21e8:derrick.huang
NOTICE:  BL31: Built : 16:25:50, Oct 12 2022
INFO:    spec: 0x1
INFO:    ext 32k is not valid
INFO:    ddr: stride-en 4CH
INFO:    GICv3 without legacy support detected.
INFO:    ARM GICv3 driver initialized in EL3
INFO:    valid_cpu_msk=0xff bcore0_rst = 0x0, bcore1_rst = 0x0
INFO:    system boots from cpu-hwid-0
INFO:    idle_st=0x21fff, pd_st=0x11fff9, repair_st=0xfff70001
INFO:    dfs DDR fsp_params[0].freq_mhz= 2112MHz
INFO:    dfs DDR fsp_params[1].freq_mhz= 528MHz
INFO:    dfs DDR fsp_params[2].freq_mhz= 1068MHz
INFO:    dfs DDR fsp_params[3].freq_mhz= 1560MHz
INFO:    BL31: Initialising Exception Handling Framework
INFO:    BL31: Initializing runtime services
INFO:    BL31: Initializing BL32
INFO:    hdmirx_handler: dma not on, ret
I/TC:
I/TC: OP-TEE version: 3.13.0-652-g4542e1efd #derrick.huang (gcc version 10.2.1 20201103 (GNU Toolchain for the A-profile Architecture 10.2-2020.11 (arm-10.16))) #5 2022年 09月 20日 星期二 09:41:09 CST aarch64
I/TC: Primary CPU initializing
I/TC: Primary CPU switching to normal world boot
INFO:    BL31: Preparing for EL3 exit to normal world
INFO:    Entry point address = 0x200000
INFO:    SPSR = 0x3c9


U-Boot 2017.09(u-boot commit id: e8b5ef0c39)(sdk version: rk3588_linux_release_20221012_v1.0.2a)-ge8b5ef0c39-dirty # (Dec 01 2022 - 19:08:48 +0800)

Model: Rockchip RK3588 Evaluation Board
PreSerial: 2, raw, 0xfeb50000
DRAM:  3.7 GiB
Sysmem: init
Relocation Offset: eda1c000
Relocation fdt: eb9f9fd8 - eb9fecd8
CR: M/C/I
Using default environment

no mmc device at slot 1
mmc@fe2c0000: 1 (SD), mmc@fe2e0000: 0
Bootdev(atags): mmc 1
MMC1: Legacy, 52Mhz
PartType: EFI
DM: v2
No misc partition
boot mode: None
=================begin===================
162205 bytes read in 26 ms (5.9 MiB/s)
DTB(Distro): rk-kernel.dtb
I2c0 speed: 100000Hz
vsel-gpios- not found!
en-gpios- not found!
vdd_cpu_big0_s0 675000 uV
vsel-gpios- not found!
en-gpios- not found!
vdd_cpu_big1_s0 675000 uV
I2c1 speed: 100000Hz
vsel-gpios- not found!
en-gpios- not found!
vdd_npu_s0 812500 uV
spi2: RK806: 2
ON=0x00, OFF=0x00
vdd_gpu_s0 750000 uV
vdd_cpu_lit_s0 750000 uV
vdd_log_s0 750000 uV
vdd_vdenc_s0 init 750000 uV
vdd_ddr_s0 850000 uV
I2c6 speed: 400000Hz
get vp0 plane mask:0x5, primary id:2, cursor_plane:-1, from dts
get vp1 plane mask:0xa, primary id:3, cursor_plane:-1, from dts
get vp2 plane mask:0x140, primary id:8, cursor_plane:-1, from dts
get vp3 plane mask:0x280, primary id:9, cursor_plane:-1, from dts
Could not find baseparameter partition
Model: Firefly ITX-3588J HDMI(Linux)
No resource partition
No file: logo.bmp
=================begin===================
512 bytes read in 5 ms (99.6 KiB/s)
logo(Distro): logo.bmp
=================begin===================
127818 bytes read in 15 ms (8.1 MiB/s)
logo(Distro): logo.bmp
Rockchip UBOOT DRM driver version: v1.0.1
vp0 have layer nr:2[0 2 ], primary plane: 2
vp1 have layer nr:2[1 3 ], primary plane: 3
vp2 have layer nr:2[6 8 ], primary plane: 8
vp3 have layer nr:2[7 9 ], primary plane: 9
hdmi@fde80000 disconnected
hdmi@fdea0000 disconnected
CLK: (uboot. arm: enter 1008000 KHz, init 1008000 KHz, kernel 0N/A)
  b0pll 24000 KHz
  b1pll 24000 KHz
  lpll 24000 KHz
  v0pll 24000 KHz
  aupll 786431 KHz
  cpll 1500000 KHz
  gpll 1188000 KHz
  npll 850000 KHz
  ppll 1100000 KHz
  aclk_center_root 702000 KHz
  pclk_center_root 100000 KHz
  hclk_center_root 396000 KHz
  aclk_center_low_root 500000 KHz
  aclk_top_root 594000 KHz
  pclk_top_root 100000 KHz
  aclk_low_top_root 396000 KHz
No misc partition
Net:   eth0: ethernet@fe1b0000, eth1: ethernet@fe1c0000
Hit key to stop autoboot('CTRL+C'):  0
Could not find misc partition
ANDROID: reboot reason: "(none)"
optee api revision: 2.0
TEEC: Waring: Could not find security partition
Not AVB images, AVB skip
No valid android hdr
Android image load failed
Android boot failed, error -1.
## Booting FIT Image FIT: No fit blob
FIT: No FIT image
Unknown command 'bootrkp' - try 'help'
switch to partitions #0, OK
mmc1 is current device
Scanning mmc 1:2...
Found /extlinux/extlinux.conf
Retrieving file: /extlinux/extlinux.conf
=================begin===================
104 bytes read in 6 ms (16.6 KiB/s)
FIREFLY: use /rk-kernel.dtb
1:      rk-kernel.dtb linux-5.10.110
Retrieving file: /initrd-5.10.110
=================begin===================
9233322 bytes read in 752 ms (11.7 MiB/s)
Retrieving file: /Image-5.10.110
=================begin===================
41753088 bytes read in 3181 ms (12.5 MiB/s)
Retrieving file: /rk-kernel.dtb
=================begin===================
162205 bytes read in 25 ms (6.2 MiB/s)
Fdt Ramdisk skip relocation
No misc partition
## Flattened Device Tree blob at 0x08300000
   Booting using the fdt blob at 0x08300000
  'reserved-memory' cma: addr=10000000 size=10000000
  'reserved-memory' ramoops@110000: addr=110000 size=f0000
   Using Device Tree in place at 0000000008300000, end 000000000832a99c
No resource partition
No file: logo_kernel.bmp
=================begin===================
512 bytes read in 5 ms (99.6 KiB/s)
logo(Distro): logo_kernel.bmp
=================begin===================
127818 bytes read in 16 ms (7.6 MiB/s)
logo(Distro): logo_kernel.bmp
Adding bank: 0x00200000 - 0x08400000 (size: 0x08200000)
Adding bank: 0x09400000 - 0xf0000000 (size: 0xe6c00000)
Total: 4328.405 ms

Starting kernel ...

[    4.456331] Booting Linux on physical CPU 0x0000000000 [0x412fd050]
[    4.456354] Linux version 5.10.110 (root@5e42e5e27730) (kernel commit id: 4a55b55733a0) (sdk version: rk3588_linux_release_20221012_v1.0.2a) (aarch64-none-linux-gnu-gcc (GNU Toolchain for the A-profile Architecture 10.3-2021.07 (arm-10.29)) 10.3.1 20210621, GNU ld (GNU Toolchain for the A-profile Architecture 10.3-2021.07 (arm-10.29)) 2.36.1.20210621) #1 SMP Fri Dec 2 15:50:58 CST 2022
[    4.463724] Machine model: Firefly ITX-3588J HDMI(Linux)
[    4.463806] earlycon: uart8250 at MMIO32 0x00000000feb50000 (options '')
[    4.468560] printk: bootconsole [uart8250] enabled
[    4.470744] efi: UEFI not found.
[    4.475012] OF: fdt: Reserved memory: failed to reserve memory for node 'drm-cubic-lut@00000000': base 0x0000000000000000, size 0 MiB
[    4.476152] Reserved memory: created CMA memory pool at 0x0000000010000000, size 256 MiB
[    4.476888] OF: reserved mem: initialized node cma, compatible id shared-dma-pool
[    4.539676] Zone ranges:
[    4.539913]   DMA      [mem 0x0000000000200000-0x00000000efffffff]
[    4.540481]   DMA32    empty
[    4.540747]   Normal   empty
[    4.541012] Movable zone start for each node
[    4.541401] Early memory node ranges
[    4.541727]   node   0: [mem 0x0000000000200000-0x00000000083fffff]
[    4.542298]   node   0: [mem 0x0000000009400000-0x00000000efffffff]
[    4.542872] Initmem setup node 0 [mem 0x0000000000200000-0x00000000efffffff]
[    4.565686] psci: probing for conduit method from DT.
[    4.566154] psci: PSCIv1.1 detected in firmware.
[    4.566575] psci: Using standard PSCI v0.2 function IDs
[    4.567052] psci: Trusted OS migration not required
[    4.567498] psci: SMC Calling Convention v1.2
[    4.568282] percpu: Embedded 32 pages/cpu s93160 r8192 d29720 u131072
[    4.569079] Detected VIPT I-cache on CPU0
[    4.569481] CPU features: detected: GIC system register CPU interface
[    4.570068] CPU features: detected: Virtualization Host Extensions
[    4.570637] CPU features: detected: ARM errata 1165522, 1319367, or 1530923
[    4.571278] alternatives: patching kernel code
[    4.573752] Built 1 zonelists, mobility grouping on.  Total pages: 963080
[    4.574376] Kernel command line: storagemedia=sd androidboot.storagemedia=sd androidboot.mode=normal  storagenode=/mmc@fe2c0000 androidboot.verifiedbootstate=orange ro rootwait earlycon=uart8250,mmio32,0xfeb50000 console=ttyFIQ0 irqchip.gicv3_pseudo_nmi=0 root=PARTLABEL=rootfs rootfstype=ext4 overlayroot=device:dev=PARTLABEL=userdata,fstype=ext4,mkfs=1 coherent_pool=1m systemd.gpt_auto=0 cgroup_enable=memory swapaccount=1
[    4.578437] Dentry cache hash table entries: 524288 (order: 10, 4194304 bytes, linear)
[    4.579357] Inode-cache hash table entries: 262144 (order: 9, 2097152 bytes, linear)
[    4.580064] mem auto-init: stack:off, heap alloc:off, heap free:off
[    4.611560] Memory: 3522580K/3913728K available (22336K kernel code, 3782K rwdata, 6888K rodata, 7616K init, 656K bss, 129004K reserved, 262144K cma-reserved)
[    4.612967] SLUB: HWalign=64, Order=0-3, MinObjects=0, CPUs=8, Nodes=1
[    4.613588] ftrace: allocating 67395 entries in 264 pages
[    4.710074] ftrace: allocated 264 pages with 2 groups
[    4.710792] rcu: Hierarchical RCU implementation.
[    4.711225] rcu:     RCU event tracing is enabled.
[    4.711639]  Rude variant of Tasks RCU enabled.
[    4.712052]  Tracing variant of Tasks RCU enabled.
[    4.712490] rcu: RCU calculated value of scheduler-enlistment delay is 30 jiffies.
[    4.718073] NR_IRQS: 64, nr_irqs: 64, preallocated irqs: 0
[    4.720482] GICv3: GIC: Using split EOI/Deactivate mode
[    4.720963] GICv3: 480 SPIs implemented
[    4.721313] GICv3: 0 Extended SPIs implemented
[    4.721740] GICv3: Distributor has no Range Selector support
[    4.722261] GICv3: 16 PPIs implemented
[    4.722644] GICv3: CPU0: found redistributor 0 region 0:0x00000000fe680000
[    4.723371] ITS [mem 0xfe640000-0xfe65ffff]
[    4.723796] ITS@0x00000000fe640000: allocated 8192 Devices @3220000 (indirect, esz 8, psz 64K, shr 0)
[    4.724650] ITS@0x00000000fe640000: allocated 32768 Interrupt Collections @3230000 (flat, esz 2, psz 64K, shr 0)
[    4.725579] ITS: using cache flushing for cmd queue
[    4.726052] ITS [mem 0xfe660000-0xfe67ffff]
[    4.726470] ITS@0x00000000fe660000: allocated 8192 Devices @3250000 (indirect, esz 8, psz 64K, shr 0)
[    4.727326] ITS@0x00000000fe660000: allocated 32768 Interrupt Collections @3260000 (flat, esz 2, psz 64K, shr 0)
[    4.728255] ITS: using cache flushing for cmd queue
[    4.728828] GICv3: using LPI property table @0x0000000003270000
[    4.729474] GIC: using cache flushing for LPI property table
[    4.729995] GICv3: CPU0: using allocated LPI pending table @0x0000000003280000
[    4.730796] random: get_random_bytes called from start_kernel+0x3f0/0x65c with crng_init=0
[    4.838295] arch_timer: cp15 timer(s) running at 24.00MHz (phys).
[    4.839614] clocksource: arch_sys_counter: mask: 0xffffffffffffff max_cycles: 0x588fe9dc0, max_idle_ns: 440795202592 ns
[    4.840607] sched_clock: 56 bits at 24MHz, resolution 41ns, wraps every 4398046511097ns
[    4.842227] Console: colour dummy device 80x25
[    4.842658] Calibrating delay loop (skipped), value calculated using timer frequency.. 48.00 BogoMIPS (lpj=80000)
[    4.843604] pid_max: default: 32768 minimum: 301
[    4.844111] LSM: Security Framework initializing
[    4.844589] Mount-cache hash table entries: 8192 (order: 4, 65536 bytes, linear)
[    4.845277] Mountpoint-cache hash table entries: 8192 (order: 4, 65536 bytes, linear)
[    4.847465] rcu: Hierarchical SRCU implementation.
[    4.848665] Platform MSI: msi-controller@fe640000 domain created
[    4.849231] Platform MSI: msi-controller@fe660000 domain created
[    4.850044] PCI/MSI: /interrupt-controller@fe600000/msi-controller@fe640000 domain created
[    4.850816] PCI/MSI: /interrupt-controller@fe600000/msi-controller@fe660000 domain created
[    4.851671] EFI services will not be available.
[    4.852351] smp: Bringing up secondary CPUs ...
I/TC: Secondary CPU 1 initializing
I/TC: Secondary CPU 1 switching to normal world boot
I/TC: Secondary CPU 2 initializing
I/TC: Secondary CPU 2 switching to normal world boot
I/TC: Secondary CPU 3 initializing
I/TC: Secondary CPU 3 switching to normal world boot
I/TC: Secondary CPU 4 initializing
I/TC: Secondary CPU 4 switching to normal world boot
I/TC: Secondary CPU 5 initializing
I/TC: Secondary CPU 5 switching to normal world boot
I/TC: Secondary CPU 6 initializing
I/TC: Secondary CPU 6 switching to normal world boot
I/TC: Secondary CPU 7 initializing
I/TC: Secondary CPU 7 switching to normal world boot
[    4.853903] Detected VIPT I-cache on CPU1
[    4.853930] GICv3: CPU1: found redistributor 100 region 0:0x00000000fe6a0000
[    4.853945] GICv3: CPU1: using allocated LPI pending table @0x0000000003290000
[    4.853986] CPU1: Booted secondary processor 0x0000000100 [0x412fd050]
[    4.855167] Detected VIPT I-cache on CPU2
[    4.855189] GICv3: CPU2: found redistributor 200 region 0:0x00000000fe6c0000
[    4.855203] GICv3: CPU2: using allocated LPI pending table @0x00000000032a0000
[    4.855240] CPU2: Booted secondary processor 0x0000000200 [0x412fd050]
[    4.856390] Detected VIPT I-cache on CPU3
[    4.856409] GICv3: CPU3: found redistributor 300 region 0:0x00000000fe6e0000
[    4.856422] GICv3: CPU3: using allocated LPI pending table @0x00000000032b0000
[    4.856457] CPU3: Booted secondary processor 0x0000000300 [0x412fd050]
[    4.857620] CPU features: detected: Spectre-v4
[    4.857622] CPU features: detected: Spectre-BHB
[    4.857625] Detected PIPT I-cache on CPU4
[    4.857638] GICv3: CPU4: found redistributor 400 region 0:0x00000000fe700000
[    4.857647] GICv3: CPU4: using allocated LPI pending table @0x00000000032c0000
[    4.857672] CPU4: Booted secondary processor 0x0000000400 [0x414fd0b0]
[    4.858797] Detected PIPT I-cache on CPU5
[    4.858810] GICv3: CPU5: found redistributor 500 region 0:0x00000000fe720000
[    4.858819] GICv3: CPU5: using allocated LPI pending table @0x00000000032d0000
[    4.858846] CPU5: Booted secondary processor 0x0000000500 [0x414fd0b0]
[    4.859982] Detected PIPT I-cache on CPU6
[    4.859995] GICv3: CPU6: found redistributor 600 region 0:0x00000000fe740000
[    4.860004] GICv3: CPU6: using allocated LPI pending table @0x00000000032e0000
[    4.860030] CPU6: Booted secondary processor 0x0000000600 [0x414fd0b0]
[    4.861147] Detected PIPT I-cache on CPU7
[    4.861161] GICv3: CPU7: found redistributor 700 region 0:0x00000000fe760000
[    4.861170] GICv3: CPU7: using allocated LPI pending table @0x00000000032f0000
[    4.861195] CPU7: Booted secondary processor 0x0000000700 [0x414fd0b0]
[    4.861253] smp: Brought up 1 node, 8 CPUs
[    4.878333] SMP: Total of 8 processors activated.
[    4.878772] CPU features: detected: Privileged Access Never
[    4.879284] CPU features: detected: User Access Override
[    4.879772] CPU features: detected: 32-bit EL0 Support
[    4.880245] CPU features: detected: Common not Private translations
[    4.880820] CPU features: detected: RAS Extension Support
[    4.881316] CPU features: detected: Data cache clean to the PoU not required for I/D coherence
[    4.882110] CPU features: detected: CRC32 instructions
[    4.882582] CPU features: detected: Speculative Store Bypassing Safe (SSBS)
[    4.883222] CPU features: detected: RCpc load-acquire (LDAPR)
[    4.883823] CPU: All CPU(s) started at EL2
[    4.885124] devtmpfs: initialized
[    4.895195] Registered cp15_barrier emulation handler
[    4.895661] Registered setend emulation handler
[    4.896150] clocksource: jiffies: mask: 0xffffffff max_cycles: 0xffffffff, max_idle_ns: 6370867519511994 ns
[    4.897040] futex hash table entries: 2048 (order: 5, 131072 bytes, linear)
[    4.897785] pinctrl core: initialized pinctrl subsystem
[    4.898504] DMI not present or invalid.
[    4.898971] NET: Registered protocol family 16
[    4.899926] DMA: preallocated 1024 KiB GFP_KERNEL pool for atomic allocations
[    4.900652] DMA: preallocated 1024 KiB GFP_KERNEL|GFP_DMA pool for atomic allocations
[    4.901380] audit: initializing netlink subsys (disabled)
[    4.901941] audit: type=2000 audit(0.056:1): state=initialized audit_enabled=0 res=1
[    4.902448] thermal_sys: Registered thermal governor 'fair_share'
[    4.902648] thermal_sys: Registered thermal governor 'step_wise'
[    4.903204] thermal_sys: Registered thermal governor 'user_space'
[    4.903752] thermal_sys: Registered thermal governor 'power_allocator'
[    4.904433] thermal thermal_zone1: power_allocator: sustainable_power will be estimated
[    4.905788] thermal thermal_zone2: power_allocator: sustainable_power will be estimated
[    4.906542] thermal thermal_zone3: power_allocator: sustainable_power will be estimated
[    4.907296] thermal thermal_zone4: power_allocator: sustainable_power will be estimated
[    4.908053] thermal thermal_zone5: power_allocator: sustainable_power will be estimated
[    4.908807] thermal thermal_zone6: power_allocator: sustainable_power will be estimated
[    4.909552] cpuidle: using governor menu
[    4.909915] Registered FIQ tty driver
[    4.910371] hw-breakpoint: found 6 breakpoint and 4 watchpoint registers.
[    4.911084] ASID allocator initialised with 65536 entries
[    4.912754] ramoops: dmesg-0 0x20000@0x0000000000110000
[    4.913371] ramoops: console 0x80000@0x0000000000130000
[    4.913858] ramoops: pmsg    0x50000@0x00000000001b0000
[    4.914570] printk: console [ramoops-1] enabled
[    4.914991] pstore: Registered ramoops as persistent store backend
[    4.915555] ramoops: using 0xf0000@0x110000, ecc: 0
[    4.955430] rockchip-gpio fd8a0000.gpio: probed /pinctrl/gpio@fd8a0000
[    4.956238] rockchip-gpio fec20000.gpio: probed /pinctrl/gpio@fec20000
[    4.957015] rockchip-gpio fec30000.gpio: probed /pinctrl/gpio@fec30000
[    4.957824] rockchip-gpio fec40000.gpio: probed /pinctrl/gpio@fec40000
[    4.958635] rockchip-gpio fec50000.gpio: probed /pinctrl/gpio@fec50000
[    4.959257] rockchip-pinctrl pinctrl: probed pinctrl
[    4.969815] HugeTLB registered 1.00 GiB page size, pre-allocated 0 pages
[    4.970429] HugeTLB registered 32.0 MiB page size, pre-allocated 0 pages
[    4.971040] HugeTLB registered 2.00 MiB page size, pre-allocated 0 pages
[    4.971652] HugeTLB registered 64.0 KiB page size, pre-allocated 0 pages
[    5.032301] raid6: neonx8   gen()  4540 MB/s
[    5.089030] raid6: neonx8   xor()  3582 MB/s
[    5.145760] raid6: neonx4   gen()  4484 MB/s
[    5.202490] raid6: neonx4   xor()  3812 MB/s
[    5.259219] raid6: neonx2   gen()  4285 MB/s
[    5.315950] raid6: neonx2   xor()  3384 MB/s
[    5.372682] raid6: neonx1   gen()  3533 MB/s
[    5.429411] raid6: neonx1   xor()  2934 MB/s
[    5.486141] raid6: int64x8  gen()  2126 MB/s
[    5.542873] raid6: int64x8  xor()  1260 MB/s
[    5.599606] raid6: int64x4  gen()  2399 MB/s
[    5.656339] raid6: int64x4  xor()  1266 MB/s
[    5.713061] raid6: int64x2  gen()  2032 MB/s
[    5.769792] raid6: int64x2  xor()  1095 MB/s
[    5.826534] raid6: int64x1  gen()  1666 MB/s
[    5.883271] raid6: int64x1  xor()   875 MB/s
[    5.883661] raid6: using algorithm neonx8 gen() 4540 MB/s
[    5.884154] raid6: .... xor() 3582 MB/s, rmw enabled
[    5.884608] raid6: using neon recovery algorithm
[    5.885565] fiq_debugger fiq_debugger.0: IRQ fiq not found
[    5.886076] fiq_debugger fiq_debugger.0: IRQ wakeup not found
[    5.886601] fiq_debugger_probe: could not install nmi irq handler
[[    5.887195] printk: console [ttyFIQ0] enabled
    5.887195] printk: console [ttyFIQ0] enabled
[    5.887971] printk: bootconsole [uart8250] disabled
[    5.887971] printk: bootconsole [uart8250] disabled
[    5.888496] Registered fiq debugger ttyFIQ0
[    5.888808] vcc5v0_sys: supplied by vcc12v_dcin
[    5.888916] vcc5v0_usbdcin: supplied by vcc12v_dcin
[    5.889018] vcc5v0_usb: supplied by vcc12v_dcin
[    5.889114] vcc_1v1_nldo_s3: supplied by vcc5v0_sys
[    5.889281] vcc3v3_pcie30: supplied by vcc12v_dcin
[    5.889577] iommu: Default domain type: Passthrough
[    5.889649] rk_iommu fdab9000.iommu: version = 2
[    5.889985] rk_iommu fdb50800.iommu: version = 2
[    5.890205] rk_iommu fdb60f00.iommu: version = 2
[    5.890368] rk_iommu fdb70f00.iommu: version = 2
[    5.890517] rk_iommu fdb90480.iommu: version = 2
[    5.890690] rk_iommu fdba0800.iommu: version = 2
[    5.890862] rk_iommu fdba4800.iommu: version = 2
[    5.891033] rk_iommu fdba8800.iommu: version = 2
[    5.891202] rk_iommu fdbac800.iommu: version = 2
[    5.891374] rk_iommu fdbb0800.iommu: version = 2
[    5.891545] rk_iommu fdbdf000.iommu: version = 2
[    5.891779] rk_iommu fdbef000.iommu: version = 2
[    5.892034] rk_iommu fdc38700.iommu: version = 2
[    5.892291] rk_iommu fdc48700.iommu: version = 2
[    5.892483] rk_iommu fdce0800.iommu: version = 2
[    5.892586] rk_iommu fdd97e00.iommu: version = 2
[    5.892877] usbcore: registered new interface driver usbfs
[    5.892893] usbcore: registered new interface driver hub
[    5.892907] usbcore: registered new device driver usb
[    5.892940] mc: Linux media interface: v0.10
[    5.892951] videodev: Linux video capture interface: v2.00
[    5.892975] pps_core: LinuxPPS API ver. 1 registered
[    5.892978] pps_core: Software ver. 5.3.6 - Copyright 2005-2007 Rodolfo Giometti <giometti@linux.it>
[    5.892985] PTP clock support registered
[    5.893226] arm-scmi firmware:scmi: SCMI Notifications - Core Enabled.
[    5.893259] arm-scmi firmware:scmi: SCMI Protocol v2.0 'rockchip:' Firmware version 0x0
[    5.894316] Advanced Linux Sound Architecture Driver Initialized.
[    5.894507] Bluetooth: Core ver 2.22
[    5.894519] NET: Registered protocol family 31
[    5.894523] Bluetooth: HCI device and connection manager initialized
[    5.894528] Bluetooth: HCI socket layer initialized
[    5.894533] Bluetooth: L2CAP socket layer initialized
[    5.894540] Bluetooth: SCO socket layer initialized
[    5.895819] rockchip-cpuinfo cpuinfo: SoC            : 35880000
[    5.895824] rockchip-cpuinfo cpuinfo: Serial         : 15111290a17b9816
[    5.896122] clocksource: Switched to clocksource arch_sys_counter
[    6.218248] NET: Registered protocol family 2
[    6.218335] IP idents hash table entries: 65536 (order: 7, 524288 bytes, linear)
[    6.219621] tcp_listen_portaddr_hash hash table entries: 2048 (order: 4, 81920 bytes, linear)
[    6.219688] TCP established hash table entries: 32768 (order: 6, 262144 bytes, linear)
[    6.219897] TCP bind hash table entries: 32768 (order: 8, 1048576 bytes, linear)
[    6.220355] TCP: Hash tables configured (established 32768 bind 32768)
[    6.220402] UDP hash table entries: 2048 (order: 5, 196608 bytes, linear)
[    6.220495] UDP-Lite hash table entries: 2048 (order: 5, 196608 bytes, linear)
[    6.220636] NET: Registered protocol family 1
[    6.220884] RPC: Registered named UNIX socket transport module.
[    6.220888] RPC: Registered udp transport module.
[    6.220892] RPC: Registered tcp transport module.
[    6.220895] RPC: Registered tcp NFSv4.1 backchannel transport module.
[    6.221279] PCI: CLS 0 bytes, default 64
[    6.221567] Trying to unpack rootfs image as initramfs...
[    6.475692] Freeing initrd memory: 9016K
[    6.476265] hw perfevents: enabled with armv8_pmuv3 PMU driver, 7 counters available
[    6.476752] kvm [1]: IPA Size Limit: 40 bits
[    6.476764] kvm [1]: GICv3: no GICV resource entry
[    6.476768] kvm [1]: disabling GICv2 emulation
[    6.476772] kvm [1]: GIC system register CPU interface enabled
[    6.476881] kvm [1]: vgic interrupt IRQ9
[    6.477017] kvm [1]: VHE mode initialized successfully
[    6.479361] Initialise system trusted keyrings
[    6.479413] workingset: timestamp_bits=46 max_order=20 bucket_order=0
[    6.481734] squashfs: version 4.0 (2009/01/31) Phillip Lougher
[    6.481985] NFS: Registering the id_resolver key type
[    6.481995] Key type id_resolver registered
[    6.481998] Key type id_legacy registered
[    6.482005] Installing knfsd (copyright (C) 1996 okir@monad.swb.de).
[    6.482505] Key type cifs.spnego registered
[    6.482512] Key type cifs.idmap registered
[    6.482517] ntfs: driver 2.1.32 [Flags: R/O].
[    6.482576] jffs2: version 2.2. (NAND) © 2001-2006 Red Hat, Inc.
[    6.482672] fuse: init (API version 7.32)
[    6.482833] SGI XFS with security attributes, no debug enabled
[    6.507830] NET: Registered protocol family 38
[    6.507839] xor: measuring software checksum speed
[    6.509584]    8regs           :  5671 MB/sec
[    6.511034]    32regs          :  6808 MB/sec
[    6.512119]    arm64_neon      :  9141 MB/sec
[    6.512124] xor: using function: arm64_neon (9141 MB/sec)
[    6.512131] Key type asymmetric registered
[    6.512135] Asymmetric key parser 'x509' registered
[    6.512151] Block layer SCSI generic (bsg) driver version 0.4 loaded (major 242)
[    6.512202] io scheduler mq-deadline registered
[    6.512208] io scheduler kyber registered
[    6.512657] rockchip-csi2-dphy-hw fedc0000.csi2-dphy0-hw: csi2 dphy hw probe successfully!
[    6.512899] rockchip-csi2-dphy csi2-dphy0: csi2 dphy0 probe successfully!
[    6.515066] rockchip-usb2phy fd5d8000.syscon:usb2-phy@8000: failed to create phy
[    6.515449] rockchip-usb2phy fd5dc000.syscon:usb2-phy@c000: failed to create phy
[    6.515969] rockchip-usb2phy fd5d4000.syscon:usb2-phy@4000: failed to create phy
[    6.518166] rockchip-hdptx-phy-hdmi fed60000.hdmiphy: hdptx phy init success
[    6.518876] rockchip-hdptx-phy-hdmi fed70000.hdmiphy: hdptx phy init success
[    6.520105] Firefly gpio driver init!
[    6.520212] Firefly gpio driver register return : 0
[    6.521306] rk-pcie fe150000.pcie: invalid prsnt-gpios property in node
[    6.521420] rk-pcie fe170000.pcie: invalid prsnt-gpios property in node
[    6.521444] rk-pcie fe170000.pcie: no vpcie3v3 regulator found
[    6.521628] iep: Module initialized.
[    6.521673] mpp_service mpp-srv: 75e32fd43421 author: daijh 2022-11-02 Merge branch 'rk3588/rockchip' into rk3588/firefly
[    6.521678] mpp_service mpp-srv: probe start
[    6.521709] rk-pcie fe170000.pcie: missing legacy IRQ resource
[    6.521728] rk-pcie fe170000.pcie: IRQ msi not found
[    6.521736] rk-pcie fe170000.pcie: use outband MSI support
[    6.521745] rk-pcie fe170000.pcie: Missing *config* reg space
[    6.521761] rk-pcie fe170000.pcie: host bridge /pcie@fe170000 ranges:
[    6.521784] rk-pcie fe170000.pcie:      err 0x00f2000000..0x00f20fffff -> 0x00f2000000
[    6.521801] rk-pcie fe170000.pcie:       IO 0x00f2100000..0x00f21fffff -> 0x00f2100000
[    6.521819] rk-pcie fe170000.pcie:      MEM 0x00f2200000..0x00f2ffffff -> 0x00f2200000
[    6.521832] rk-pcie fe170000.pcie:      MEM 0x0980000000..0x09bfffffff -> 0x0980000000
[    6.521862] rk-pcie fe170000.pcie: Missing *config* reg space
[    6.521893] rk-pcie fe170000.pcie: invalid resource
[    6.522851] mpp_vdpu2 fdb50400.vdpu: Adding to iommu group 1
[    6.522864] iommu: Failed to allocate default IOMMU domain of type 4 for group (null) - Falling back to IOMMU_DOMAIN_DMA
[    6.523053] mpp_vdpu2 fdb50400.vdpu: probe device
[    6.523157] mpp_vdpu2 fdb50400.vdpu: reset_group->rw_sem_on=0
[    6.523164] mpp_vdpu2 fdb50400.vdpu: reset_group->rw_sem_on=0
[    6.523249] mpp_vdpu2 fdb50400.vdpu: probing finish
[    6.523450] mpp_vepu2 jpege-ccu: probing start
[    6.523455] mpp_vepu2 jpege-ccu: probing finish
[    6.523568] mpp_vepu2 fdba0000.jpege-core: Adding to iommu group 5
[    6.523579] iommu: Failed to allocate default IOMMU domain of type 4 for group (null) - Falling back to IOMMU_DOMAIN_DMA
[    6.523709] mpp_vepu2 fdba0000.jpege-core: probing start
[    6.523812] mpp_vepu2 fdba0000.jpege-core: attach ccu success
[    6.523893] mpp_vepu2 fdba0000.jpege-core: probing finish
[    6.523989] mpp_vepu2 fdba4000.jpege-core: Adding to iommu group 6
[    6.524002] iommu: Failed to allocate default IOMMU domain of type 4 for group (null) - Falling back to IOMMU_DOMAIN_DMA
[    6.524133] mpp_vepu2 fdba4000.jpege-core: probing start
[    6.524226] mpp_vepu2 fdba4000.jpege-core: attach ccu success
[    6.524295] mpp_vepu2 fdba4000.jpege-core: probing finish
[    6.524379] mpp_vepu2 fdba8000.jpege-core: Adding to iommu group 7
[    6.524389] iommu: Failed to allocate default IOMMU domain of type 4 for group (null) - Falling back to IOMMU_DOMAIN_DMA
[    6.524537] mpp_vepu2 fdba8000.jpege-core: probing start
[    6.524632] mpp_vepu2 fdba8000.jpege-core: attach ccu success
[    6.524701] mpp_vepu2 fdba8000.jpege-core: probing finish
[    6.524798] mpp_vepu2 fdbac000.jpege-core: Adding to iommu group 8
[    6.524808] iommu: Failed to allocate default IOMMU domain of type 4 for group (null) - Falling back to IOMMU_DOMAIN_DMA
[    6.524933] mpp_vepu2 fdbac000.jpege-core: probing start
[    6.525024] mpp_vepu2 fdbac000.jpege-core: attach ccu success
[    6.525092] mpp_vepu2 fdbac000.jpege-core: probing finish
[    6.525368] mpp-iep2 fdbb0000.iep: Adding to iommu group 9
[    6.525379] iommu: Failed to allocate default IOMMU domain of type 4 for group (null) - Falling back to IOMMU_DOMAIN_DMA
[    6.525505] mpp-iep2 fdbb0000.iep: probe device
[    6.525617] mpp-iep2 fdbb0000.iep: allocate roi buffer failed
[    6.525680] mpp-iep2 fdbb0000.iep: probing finish
[    6.525892] mpp_jpgdec fdb90000.jpegd: Adding to iommu group 4
[    6.525904] iommu: Failed to allocate default IOMMU domain of type 4 for group (null) - Falling back to IOMMU_DOMAIN_DMA
[    6.526093] mpp_jpgdec fdb90000.jpegd: probe device
[    6.526272] mpp_jpgdec fdb90000.jpegd: probing finish
[    6.526609] mpp_rkvdec2 fdc30000.rkvdec-ccu: rkvdec-ccu, probing start
[    6.526665] mpp_rkvdec2 fdc30000.rkvdec-ccu: probing finish
[    6.526738] mpp_rkvdec2 fdc38100.rkvdec-core: Adding to iommu group 12
[    6.526748] iommu: Failed to allocate default IOMMU domain of type 4 for group (null) - Falling back to IOMMU_DOMAIN_DMA
[    6.526982] mpp_rkvdec2 fdc38100.rkvdec-core: rkvdec-core, probing start
[    6.527089] mpp_rkvdec2 fdc38100.rkvdec-core: shared_niu_a is not found!
[    6.527094] rkvdec2_init:1008: No niu aclk reset resource define
[    6.527099] mpp_rkvdec2 fdc38100.rkvdec-core: shared_niu_h is not found!
[    6.527103] rkvdec2_init:1011: No niu hclk reset resource define
[    6.527120] mpp_rkvdec2 fdc38100.rkvdec-core: no regulator, devfreq is disabled
[    6.527175] mpp_rkvdec2 fdc38100.rkvdec-core: core_mask=00010001
[    6.527179] mpp_rkvdec2 fdc38100.rkvdec-core: attach ccu as core 0
[    6.527327] mpp_rkvdec2 fdc38100.rkvdec-core: sram_start 0x00000000ff001000
[    6.527332] mpp_rkvdec2 fdc38100.rkvdec-core: rcb_iova 0x00000000fff00000
[    6.527336] mpp_rkvdec2 fdc38100.rkvdec-core: sram_size 491520
[    6.527340] mpp_rkvdec2 fdc38100.rkvdec-core: rcb_size 1048576
[    6.527345] mpp_rkvdec2 fdc38100.rkvdec-core: min_width 512
[    6.527373] mpp_rkvdec2 fdc38100.rkvdec-core: probing finish
[    6.527437] mpp_rkvdec2 fdc48100.rkvdec-core: Adding to iommu group 13
[    6.527447] iommu: Failed to allocate default IOMMU domain of type 4 for group (null) - Falling back to IOMMU_DOMAIN_DMA
[    6.527653] mpp_rkvdec2 fdc48100.rkvdec-core: rkvdec-core, probing start
[    6.527759] mpp_rkvdec2 fdc48100.rkvdec-core: shared_niu_a is not found!
[    6.527763] rkvdec2_init:1008: No niu aclk reset resource define
[    6.527767] mpp_rkvdec2 fdc48100.rkvdec-core: shared_niu_h is not found!
[    6.527771] rkvdec2_init:1011: No niu hclk reset resource define
[    6.527787] mpp_rkvdec2 fdc48100.rkvdec-core: no regulator, devfreq is disabled
[    6.527826] mpp_rkvdec2 fdc48100.rkvdec-core: core_mask=00020002
[    6.527843] mpp_rkvdec2 fdc48100.rkvdec-core: attach ccu as core 1
[    6.528020] mpp_rkvdec2 fdc48100.rkvdec-core: sram_start 0x00000000ff079000
[    6.528024] mpp_rkvdec2 fdc48100.rkvdec-core: rcb_iova 0x00000000ffe00000
[    6.528028] mpp_rkvdec2 fdc48100.rkvdec-core: sram_size 487424
[    6.528032] mpp_rkvdec2 fdc48100.rkvdec-core: rcb_size 1048576
[    6.528037] mpp_rkvdec2 fdc48100.rkvdec-core: min_width 512
[    6.528063] mpp_rkvdec2 fdc48100.rkvdec-core: probing finish
[    6.528244] mpp_rkvenc2 rkvenc-ccu: probing start
[    6.528249] mpp_rkvenc2 rkvenc-ccu: probing finish
[    6.528358] mpp_rkvenc2 fdbd0000.rkvenc-core: Adding to iommu group 10
[    6.528368] iommu: Failed to allocate default IOMMU domain of type 4 for group (null) - Falling back to IOMMU_DOMAIN_DMA
[    6.528532] mpp_rkvenc2 fdbd0000.rkvenc-core: probing start
[    6.528550] mpp_rkvenc2 fdbd0000.rkvenc-core: link mode task capacity 8
[    6.528687] mpp_rkvenc2 fdbd0000.rkvenc-core: attach ccu as core 0
[    6.528761] mpp_rkvenc2 fdbd0000.rkvenc-core: probing finish
[    6.528824] mpp_rkvenc2 fdbe0000.rkvenc-core: Adding to iommu group 11
[    6.528835] iommu: Failed to allocate default IOMMU domain of type 4 for group (null) - Falling back to IOMMU_DOMAIN_DMA
[    6.529048] mpp_rkvenc2 fdbe0000.rkvenc-core: probing start
[    6.529065] mpp_rkvenc2 fdbe0000.rkvenc-core: link mode task capacity 8
[    6.529218] mpp_rkvenc2 fdbe0000.rkvenc-core: attach ccu as core 1
[    6.529281] mpp_rkvenc2 fdbe0000.rkvenc-core: probing finish
[    6.529779] mpp_av1dec: Adding child /av1d@fdc70000
[    6.529851] mpp_av1dec: register device av1d-master
[    6.529877] mpp_av1dec av1d-master: av1_iommu_of_xlate,784
[    6.529897] av1_iommu_probe_device,736, consumer : av1d-master, supplier : fdca0000.iommu
[    6.529928] mpp_av1dec av1d-master: Adding to iommu group 16
[    6.529939] iommu: Failed to allocate default IOMMU domain of type 4 for group (null) - Falling back to IOMMU_DOMAIN_DMA
[    6.530144] mpp_av1dec av1d-master: probing start
[    6.530327] mpp_av1dec av1d-master: probing finish
[    6.530357] mpp_service mpp-srv: probe success
[    6.537523] dma-pl330 fea10000.dma-controller: Loaded driver for PL330 DMAC-241330
[    6.537531] dma-pl330 fea10000.dma-controller:       DBUFF-128x8bytes Num_Chans-8 Num_Peri-32 Num_Events-16
[    6.537782] rk-pcie fe150000.pcie: missing legacy IRQ resource
[    6.537808] rk-pcie fe150000.pcie: IRQ msi not found
[    6.537818] rk-pcie fe150000.pcie: use outband MSI support
[    6.537828] rk-pcie fe150000.pcie: Missing *config* reg space
[    6.537852] rk-pcie fe150000.pcie: host bridge /pcie@fe150000 ranges:
[    6.537880] rk-pcie fe150000.pcie:      err 0x00f0000000..0x00f00fffff -> 0x00f0000000
[    6.537901] rk-pcie fe150000.pcie:       IO 0x00f0100000..0x00f01fffff -> 0x00f0100000
[    6.537922] rk-pcie fe150000.pcie:      MEM 0x00f0200000..0x00f0ffffff -> 0x00f0200000
[    6.537939] rk-pcie fe150000.pcie:      MEM 0x0900000000..0x093fffffff -> 0x0900000000
[    6.537974] rk-pcie fe150000.pcie: Missing *config* reg space
[    6.538010] rk-pcie fe150000.pcie: invalid resource
[    6.538365] dma-pl330 fea30000.dma-controller: Loaded driver for PL330 DMAC-241330
[    6.538373] dma-pl330 fea30000.dma-controller:       DBUFF-128x8bytes Num_Chans-8 Num_Peri-32 Num_Events-16
[    6.539191] dma-pl330 fed10000.dma-controller: Loaded driver for PL330 DMAC-241330
[    6.539198] dma-pl330 fed10000.dma-controller:       DBUFF-128x8bytes Num_Chans-8 Num_Peri-32 Num_Events-16
[    6.539583] rockchip-pvtm fda40000.pvtm: pvtm@0 probed
[    6.539636] rockchip-pvtm fda50000.pvtm: pvtm@1 probed
[    6.539683] rockchip-pvtm fda60000.pvtm: pvtm@2 probed
[    6.539729] rockchip-pvtm fdaf0000.pvtm: pvtm@3 probed
[    6.539773] rockchip-pvtm fdb30000.pvtm: pvtm@4 probed
[    6.540320] rockchip-system-monitor rockchip-system-monitor: system monitor probe
[    6.541427] Serial: 8250/16550 driver, 10 ports, IRQ sharing disabled
[    6.541768] fd890000.serial: ttyS0 at MMIO 0xfd890000 (irq = 28, base_baud = 1500000) is a 16550A
[    6.542084] feb40000.serial: ttyS1 at MMIO 0xfeb40000 (irq = 93, base_baud = 1500000) is a 16550A
[    6.542292] feb90000.serial: ttyS6 at MMIO 0xfeb90000 (irq = 94, base_baud = 1500000) is a 16550A
[    6.543431] random: fast init done
[    6.543517] random: crng init done
[    6.544265] rockchip-vop2 fdd90000.vop: Adding to iommu group 15
[    6.544281] iommu: Failed to allocate default IOMMU domain of type 4 for group (null) - Falling back to IOMMU_DOMAIN_DMA
[    6.557292] brd: module loaded
[    6.560348] loop: module loaded
[    6.560550] zram: Added device: zram0
[    6.560695] lkdtm: No crash points registered, enable through debugfs
[    6.562436] rockchip-spi feb20000.spi: no high_speed pinctrl state
[    6.563501] rk806 spi2.0: chip id: RK806,ver:0x2, 0x0
[    6.563728] rk806 spi2.0: ON: 0x40 OFF:0x0
[    6.565202] vdd_gpu_s0: supplied by vcc5v0_sys
[    6.566237] vdd_cpu_lit_s0: supplied by vcc5v0_sys
[    6.566870] vdd_log_s0: supplied by vcc5v0_sys
[    6.567487] vdd_vdenc_s0: supplied by vcc5v0_sys
[    6.568195] vdd_ddr_s0: supplied by vcc5v0_sys
[    6.568564] vdd2_ddr_s3: supplied by vcc5v0_sys
[    6.569147] vdd_2v0_pldo_s3: supplied by vcc5v0_sys
[    6.569649] vcc_3v3_s3: supplied by vcc5v0_sys
[    6.570127] vddq_ddr_s0: supplied by vcc5v0_sys
[    6.570678] vcc_1v8_s3: supplied by vcc5v0_sys
[    6.571181] vdd_0v75_s3: supplied by vcc_1v1_nldo_s3
[    6.571731] vdd_ddr_pll_s0: supplied by vcc_1v1_nldo_s3
[    6.572216] avdd_0v75_s0: supplied by vcc_1v1_nldo_s3
[    6.572707] vdd_0v85_s0: supplied by vcc_1v1_nldo_s3
[    6.573195] vdd_0v75_s0: supplied by vcc_1v1_nldo_s3
[    6.573720] avcc_1v8_s0: supplied by vdd_2v0_pldo_s3
[    6.574400] vcc_1v8_s0: supplied by vdd_2v0_pldo_s3
[    6.575020] avdd_1v2_s0: supplied by vdd_2v0_pldo_s3
[    6.575646] vcc_3v3_s0: supplied by vcc5v0_sys
[    6.576135] vccio_sd_s0: supplied by vcc5v0_sys
[    6.576672] pldo6_s3: supplied by vcc5v0_sys
[    6.577097] rk806 spi2.0: no sleep-setting state
[    6.577102] rk806 spi2.0: no reset-setting pinctrl state
[    6.577107] rk806 spi2.0: no dvs-setting pinctrl state
[    6.578868] register firefly_spi_init spi return v = :0
[    6.579177] wireguard: allowedips self-tests: pass
[    6.584587] wireguard: nonce counter self-tests: pass
[    6.727263] rk-pcie fe170000.pcie: PCIe Linking... LTSSM is 0x3
[    6.752809] rk-pcie fe170000.pcie: PCIe Linking... LTSSM is 0x3
[    6.779475] rk-pcie fe170000.pcie: PCIe Linking... LTSSM is 0x3
[    6.799479] rk-pcie fe150000.pcie: PCIe Link up, LTSSM is 0x130011
[    6.799634] rk-pcie fe150000.pcie: PCI host bridge to bus 0000:00
[    6.799650] pci_bus 0000:00: root bus resource [bus 00-0f]
[    6.799663] pci_bus 0000:00: root bus resource [??? 0xf0000000-0xf00fffff flags 0x0]
[    6.799676] pci_bus 0000:00: root bus resource [io  0x100000-0x1fffff] (bus address [0xf0100000-0xf01fffff])
[    6.799687] pci_bus 0000:00: root bus resource [mem 0xf0200000-0xf0ffffff]
[    6.799699] pci_bus 0000:00: root bus resource [mem 0x900000000-0x93fffffff pref]
[    6.799742] pci 0000:00:00.0: [1d87:3588] type 01 class 0x060400
[    6.799765] pci 0000:00:00.0: reg 0x10: [mem 0x00000000-0x3fffffff]
[    6.799780] pci 0000:00:00.0: reg 0x14: [mem 0x00000000-0x3fffffff]
[    6.799795] pci 0000:00:00.0: reg 0x38: [mem 0x00000000-0x0000ffff pref]
[    6.799867] pci 0000:00:00.0: supports D1 D2
[    6.799878] pci 0000:00:00.0: PME# supported from D0 D1 D3hot
[    6.806143] rk-pcie fe170000.pcie: PCIe Linking... LTSSM is 0x3
[    6.808555] pci_bus 0000:01: busn_res: can not insert [bus 01-ff] under [bus 00-0f] (conflicts with (null) [bus 00-0f])
[    6.808657] pci 0000:01:00.0: [10ee:7024] type 00 class 0x058000
[    6.808723] pci 0000:01:00.0: reg 0x10: [mem 0x00000000-0x000003ff]
[    6.809072] pci 0000:01:00.0: PME# supported from D0 D1 D2 D3hot
[    6.817691] pci 0000:00:00.0: BAR 0: no space for [mem size 0x40000000]
[    6.817717] pci 0000:00:00.0: BAR 0: failed to assign [mem size 0x40000000]
[    6.817730] pci 0000:00:00.0: BAR 1: no space for [mem size 0x40000000]
[    6.817740] pci 0000:00:00.0: BAR 1: failed to assign [mem size 0x40000000]
[    6.817754] pci 0000:00:00.0: BAR 8: assigned [mem 0xf0200000-0xf02fffff]
[    6.817767] pci 0000:00:00.0: BAR 6: assigned [mem 0xf0300000-0xf030ffff pref]
[    6.817783] pci 0000:01:00.0: BAR 0: assigned [mem 0xf0200000-0xf02003ff]
[    6.817807] pci 0000:00:00.0: PCI bridge to [bus 01-ff]
[    6.817820] pci 0000:00:00.0:   bridge window [mem 0xf0200000-0xf02fffff]
[    6.820531] pcieport 0000:00:00.0: PME: Signaling with IRQ 144
[    6.832811] rk-pcie fe170000.pcie: PCIe Linking... LTSSM is 0x3
[    6.859487] rk-pcie fe170000.pcie: PCIe Linking... LTSSM is 0x3
[    6.877815] wireguard: ratelimiter self-tests: pass
[    6.877916] wireguard: WireGuard 1.0.0 loaded. See www.wireguard.com for information.
[    6.877922] wireguard: Copyright (C) 2015-2019 Jason A. Donenfeld <Jason@zx2c4.com>. All Rights Reserved.
[    6.878312] tun: Universal TUN/TAP device driver, 1.6
[    6.878414] CAN device driver interface
[    6.880254] rk_gmac-dwmac fe1b0000.ethernet: IRQ eth_lpi not found
[    6.880409] rk_gmac-dwmac fe1b0000.ethernet: no regulator found
[    6.880416] rk_gmac-dwmac fe1b0000.ethernet: clock input or output? (output).
[    6.880422] rk_gmac-dwmac fe1b0000.ethernet: TX delay(0x45).
[    6.880427] rk_gmac-dwmac fe1b0000.ethernet: Can not read property: rx_delay.
[    6.880432] rk_gmac-dwmac fe1b0000.ethernet: set rx_delay to 0xffffffff
[    6.880449] rk_gmac-dwmac fe1b0000.ethernet: integrated PHY? (no).
[    6.880456] rk_gmac-dwmac fe1b0000.ethernet: cannot get clock mac_clk_rx
[    6.880462] rk_gmac-dwmac fe1b0000.ethernet: cannot get clock mac_clk_tx
[    6.880477] rk_gmac-dwmac fe1b0000.ethernet: cannot get clock clk_mac_speed
[    6.880696] rk_gmac-dwmac fe1b0000.ethernet: init for RGMII_RXID
[    6.880779] rk_gmac-dwmac fe1b0000.ethernet: User ID: 0x30, Synopsys ID: 0x51
[    6.880785] rk_gmac-dwmac fe1b0000.ethernet:         DWMAC4/5
[    6.880791] rk_gmac-dwmac fe1b0000.ethernet: DMA HW capability register supported
[    6.880796] rk_gmac-dwmac fe1b0000.ethernet: RX Checksum Offload Engine supported
[    6.880801] rk_gmac-dwmac fe1b0000.ethernet: TX Checksum insertion supported
[    6.880805] rk_gmac-dwmac fe1b0000.ethernet: Wake-Up On Lan supported
[    6.880841] rk_gmac-dwmac fe1b0000.ethernet: TSO supported
[    6.880846] rk_gmac-dwmac fe1b0000.ethernet: Enable RX Mitigation via HW Watchdog Timer
[    6.880852] rk_gmac-dwmac fe1b0000.ethernet: Enabled Flow TC (entries=2)
[    6.880857] rk_gmac-dwmac fe1b0000.ethernet: TSO feature enabled
[    6.880863] rk_gmac-dwmac fe1b0000.ethernet: Using 32 bits DMA width
[    6.886142] rk-pcie fe170000.pcie: PCIe Linking... LTSSM is 0x3
[    6.912810] rk-pcie fe170000.pcie: PCIe Linking... LTSSM is 0x3
[    6.939474] rk-pcie fe170000.pcie: PCIe Linking... LTSSM is 0x3
[    6.966142] rk-pcie fe170000.pcie: PCIe Linking... LTSSM is 0x3
[    7.017070] rk_gmac-dwmac fe1c0000.ethernet: IRQ eth_lpi not found
[    7.017224] rk_gmac-dwmac fe1c0000.ethernet: no regulator found
[    7.017231] rk_gmac-dwmac fe1c0000.ethernet: clock input or output? (output).
[    7.017236] rk_gmac-dwmac fe1c0000.ethernet: TX delay(0x42).
[    7.017241] rk_gmac-dwmac fe1c0000.ethernet: Can not read property: rx_delay.
[    7.017246] rk_gmac-dwmac fe1c0000.ethernet: set rx_delay to 0xffffffff
[    7.017254] rk_gmac-dwmac fe1c0000.ethernet: integrated PHY? (no).
[    7.017261] rk_gmac-dwmac fe1c0000.ethernet: cannot get clock mac_clk_rx
[    7.017267] rk_gmac-dwmac fe1c0000.ethernet: cannot get clock mac_clk_tx
[    7.017279] rk_gmac-dwmac fe1c0000.ethernet: cannot get clock clk_mac_speed
[    7.017496] rk_gmac-dwmac fe1c0000.ethernet: init for RGMII_RXID
[    7.017573] rk_gmac-dwmac fe1c0000.ethernet: User ID: 0x30, Synopsys ID: 0x51
[    7.017579] rk_gmac-dwmac fe1c0000.ethernet:         DWMAC4/5
[    7.017584] rk_gmac-dwmac fe1c0000.ethernet: DMA HW capability register supported
[    7.017589] rk_gmac-dwmac fe1c0000.ethernet: RX Checksum Offload Engine supported
[    7.017593] rk_gmac-dwmac fe1c0000.ethernet: TX Checksum insertion supported
[    7.017598] rk_gmac-dwmac fe1c0000.ethernet: Wake-Up On Lan supported
[    7.017630] rk_gmac-dwmac fe1c0000.ethernet: TSO supported
[    7.017635] rk_gmac-dwmac fe1c0000.ethernet: Enable RX Mitigation via HW Watchdog Timer
[    7.017642] rk_gmac-dwmac fe1c0000.ethernet: Enabled Flow TC (entries=2)
[    7.017647] rk_gmac-dwmac fe1c0000.ethernet: TSO feature enabled
[    7.017652] rk_gmac-dwmac fe1c0000.ethernet: Using 32 bits DMA width
[    7.152146] phy_rtl8211f_led_fixup in
[    7.172798] hcq :  phy_rtl8211e_eee_fixup in
[    7.195123] usbcore: registered new interface driver asix
[    7.195155] usbcore: registered new interface driver ax88179_178a
[    7.195172] usbcore: registered new interface driver cdc_ether
[    7.195188] usbcore: registered new interface driver net1080
[    7.195203] usbcore: registered new interface driver cdc_subset
[    7.195218] usbcore: registered new interface driver zaurus
[    7.195237] usbcore: registered new interface driver cdc_ncm
[    7.195255] usbcore: registered new interface driver qmi_wwan_q
[    7.195270] usbcore: registered new interface driver qmi_wwan
[    7.203026] ehci_hcd: USB 2.0 'Enhanced' Host Controller (EHCI) Driver
[    7.203041] ehci-pci: EHCI PCI platform driver
[    7.203076] ehci-platform: EHCI generic platform driver
[    7.203365] ohci_hcd: USB 1.1 'Open' Host Controller (OHCI) Driver
[    7.203373] ohci-platform: OHCI generic platform driver
[    7.203772] usbcore: registered new interface driver cdc_acm
[    7.203778] cdc_acm: USB Abstract Control Model driver for USB modems and ISDN adapters
[    7.203793] usbcore: registered new interface driver cdc_wdm
[    7.203828] usbcore: registered new interface driver usbserial_generic
[    7.203841] usbserial: USB Serial support registered for generic
[    7.203856] usbcore: registered new interface driver ch341
[    7.203867] usbserial: USB Serial support registered for ch341-uart
[    7.203881] usbcore: registered new interface driver cp210x
[    7.203892] usbserial: USB Serial support registered for cp210x
[    7.203906] usbcore: registered new interface driver ftdi_sio
[    7.203916] usbserial: USB Serial support registered for FTDI USB Serial Device
[    7.203930] usbcore: registered new interface driver keyspan
[    7.203940] usbserial: USB Serial support registered for Keyspan - (without firmware)
[    7.203951] usbserial: USB Serial support registered for Keyspan 1 port adapter
[    7.203961] usbserial: USB Serial support registered for Keyspan 2 port adapter
[    7.203971] usbserial: USB Serial support registered for Keyspan 4 port adapter
[    7.203985] usbcore: registered new interface driver option
[    7.203994] usbserial: USB Serial support registered for GSM modem (1-port)
[    7.204008] usbcore: registered new interface driver oti6858
[    7.204018] usbserial: USB Serial support registered for oti6858
[    7.204032] usbcore: registered new interface driver pl2303
[    7.204042] usbserial: USB Serial support registered for pl2303
[    7.204056] usbcore: registered new interface driver qcserial
[    7.204066] usbserial: USB Serial support registered for Qualcomm USB modem
[    7.204084] usbcore: registered new interface driver sierra
[    7.204094] usbserial: USB Serial support registered for Sierra USB modem
[    7.204540] [HXTP] himax_hx83102_init
[    7.204545] [HXTP] himax_hx83102_probe:Enter
[    7.204549] [HXTP] Himax common touch panel driver init
[    7.204597] usbcore: registered new interface driver usbtouchscreen
[    7.205564] input: rk805 pwrkey as /devices/platform/feb20000.spi/spi_master/spi2/spi2.0/rk805-pwrkey.2.auto/input/input0
[    7.205813] i2c /dev entries driver
[    7.208676] vdd_cpu_big0_s0: supplied by vcc5v0_sys
[    7.216552] vdd_cpu_big1_s0: supplied by vcc5v0_sys
[    7.224933] vdd_npu_s0: supplied by vcc5v0_sys
[    7.231748] pca953x 6-0021: supply vcc not found, using dummy regulator
[    7.231802] pca953x 6-0021: using no AI
[    7.233599] rtc-hym8563 6-0051: rtc information is valid
[    7.235205] rtc-hym8563 6-0051: registered as rtc0
[    7.235486] rtc-hym8563 6-0051: setting system clock to 2021-01-04T10:41:47 UTC (1609756907)
[    7.237681] rkcifhw fdce0000.rkcif: Adding to iommu group 14
[    7.237700] iommu: Failed to allocate default IOMMU domain of type 4 for group (null) - Falling back to IOMMU_DOMAIN_DMA
[    7.237966] rkcifhw fdce0000.rkcif: No reserved memory region assign to CIF
[    7.238049] rkcif rkcif-mipi-lvds2: Adding to iommu group 14
[    7.238068] rkcif rkcif-mipi-lvds2: rkcif driver version: v00.01.0a
[    7.238111] rkcif rkcif-mipi-lvds2: attach to cif hw node
[    7.238116] rkcif rkcif-mipi-lvds2: rkcif wait line 0
[    7.238122] : terminal subdev does not exist
[    7.238127] : terminal subdev does not exist
[    7.238131] : terminal subdev does not exist
[    7.238135] : terminal subdev does not exist
[    7.238140] : get_remote_sensor: video pad[0] is null
[    7.238145] : rkcif_update_sensor_info: stream[0] get remote sensor_sd failed!
[    7.238150] : get_remote_sensor: video pad[0] is null
[    7.238154] : rkcif_update_sensor_info: stream[0] get remote sensor_sd failed!
[    7.238159] : get_remote_sensor: video pad[0] is null
[    7.238163] : rkcif_update_sensor_info: stream[0] get remote sensor_sd failed!
[    7.238167] : get_remote_sensor: video pad[0] is null
[    7.238171] : rkcif_update_sensor_info: stream[0] get remote sensor_sd failed!
[    7.238869] rkcif rkcif-mipi-lvds2: No memory-region-thunderboot specified
[    7.239763] rkcif rkcif-mipi-lvds2: Entity type for entity rockchip-mipi-csi2 was not initialized!
[    7.239772] rockchip-mipi-csi2: Async registered subdev
[    7.239781] rockchip-mipi-csi2: probe success, v4l2_dev:rkcif-mipi-lvds2!
[    7.241511] rk_hdmirx fdee0000.hdmirx-controller: No reserved memory for HDMIRX, use default CMA
[    7.241532] rk_hdmirx fdee0000.hdmirx-controller: hdmirx_probe: cpu_aff:0x400, Bound_cpu:4, wdt_cfg_bound_cpu:5
[    7.242026] rk_hdmirx fdee0000.hdmirx-controller: hdmirx_audio_interrupts_setup: 0
[    7.242702] rk_hdmirx fdee0000.hdmirx-controller: rk_hdmirx_hdcp_register success
[    7.242720] rk_hdmirx fdee0000.hdmirx-controller: fdee0000.hdmirx-controller driver probe ok!
[    7.242822] usbcore: registered new interface driver uvcvideo
[    7.242827] USB Video Class driver (1.1.1)
[    7.244869] rockchip-thermal fec00000.tsadc: Missing rockchip,grf property
[    7.245410] rockchip-thermal fec00000.tsadc: tsadc is probed successfully!
[    7.245983] device-mapper: ioctl: 4.44.0-ioctl (2021-02-01) initialised: dm-devel@redhat.com
[    7.246145] Bluetooth: HCI UART driver ver 2.3
[    7.246151] Bluetooth: HCI UART protocol H4 registered
[    7.246155] Bluetooth: HCI UART protocol ATH3K registered
[    7.246180] usbcore: registered new interface driver bfusb
[    7.246906] cpu cpu0: bin=0
[    7.247081] cpu cpu0: leakage=11
[    7.248508] cpu cpu0: pvtm=1462
[    7.248586] cpu cpu0: pvtm-volt-sel=3
[    7.250520] cpu cpu4: bin=0
[    7.250692] cpu cpu4: leakage=9
[    7.257164] cpu cpu4: pvtm=1680
[    7.261090] cpu cpu4: pvtm-volt-sel=4
[    7.263778] cpu cpu6: bin=0
[    7.263953] cpu cpu6: leakage=9
[    7.270449] cpu cpu6: pvtm=1683
[    7.274406] cpu cpu6: pvtm-volt-sel=4
[    7.276003] cpu cpu0: avs=0
[    7.276728] cpu cpu4: avs=0
[    7.277430] cpu cpu6: avs=0
[    7.277667] cpu cpu0: EM: created perf domain
[    7.277702] cpu cpu0: l=10000 h=85000 hyst=5000 l_limit=0 h_limit=1608000000 h_table=0
[    7.278373] cpu cpu4: EM: created perf domain
[    7.278402] cpu cpu4: l=10000 h=85000 hyst=5000 l_limit=0 h_limit=2208000000 h_table=0
[    7.280615] cpu cpu6: EM: created perf domain
[    7.280983] cpu cpu6: l=10000 h=85000 hyst=5000 l_limit=0 h_limit=2208000000 h_table=0
[    7.287920] sdhci: Secure Digital Host Controller Interface driver
[    7.287933] sdhci: Copyright(c) Pierre Ossman
[    7.287937] Synopsys Designware Multimedia Card Interface Driver
[    7.288108] sdhci-pltfm: SDHCI platform and OF driver helper
[    7.289509] arm-scmi firmware:scmi: Failed. SCMI protocol 17 not active.
[    7.289561] SMCCC: SOC_ID: ARCH_SOC_ID not implemented, skipping ....
[    7.290289] cryptodev: driver 1.12 loaded.
[    7.290330] hid: raw HID events driver (C) Jiri Kosina
[    7.290555] usbcore: registered new interface driver usbhid
[    7.290563] usbhid: USB HID core driver
[    7.292931] Firefly adc init
[    7.292943] Firefly adc-->FIREFLY_ADC_SAMPLE_JIFFIES:  16
[    7.292947] Firefly adc-->MSEC_PER_SEC:  1000
[    7.292950] Firefly adc-->HZ:  300
[    7.293078] Firefly adc-->ret:  0
[    7.293172] optee: probing for conduit method.
[    7.293187] optee: revision 3.13 (4542e1ef)
[    7.293495] optee: initialized driver
[    7.294006] usbcore: registered new interface driver snd-usb-audio
[    7.299421] debugfs: File 'Capture' in directory 'dapm' already present!
[    7.300207] input: rockchip-dp0 rockchip-dp0 as /devices/platform/dp0-sound/sound/card0/input1
[    7.300905] firefly-multicodecs es8388-sound: Failed to get hw ver
[    7.312161] ES8323 3-0011: ASoC: error at soc_component_write_no_lock on ES8323.3-0011: -5
[    7.320576] mmc0: SDHCI controller on fe2e0000.mmc [fe2e0000.mmc] using ADMA
[    7.355466] mmc0: new HS400 Enhanced strobe MMC card at address 0001
[    7.356517] mmcblk0: mmc0:0001 Y2P032 29.1 GiB
[    7.356901] mmcblk0boot0: mmc0:0001 Y2P032 partition 1 4.00 MiB
[    7.357272] mmcblk0boot1: mmc0:0001 Y2P032 partition 2 4.00 MiB
[    7.357512] mmcblk0rpmb: mmc0:0001 Y2P032 partition 3 16.0 MiB, chardev (234:0)
[    7.368063] input: rockchip-es8388 Headset as /devices/platform/es8388-sound/sound/card1/input2
[    7.370434] Initializing XFRM netlink socket
[    7.370794] NET: Registered protocol family 10
[    7.371943] Segment Routing with IPv6
[    7.372202] NET: Registered protocol family 17
[    7.372227] NET: Registered protocol family 15
[    7.372276] Bridge firewalling registered
[    7.372284] can: controller area network core
[    7.372326] NET: Registered protocol family 29
[    7.372334] can: raw protocol
[    7.372343] can: broadcast manager protocol
[    7.372355] can: netlink gateway - max_hops=1
[    7.372592] Bluetooth: RFCOMM TTY layer initialized
[    7.372606] Bluetooth: RFCOMM socket layer initialized
[    7.372627] Bluetooth: RFCOMM ver 1.11
[    7.372639] Bluetooth: BNEP (Ethernet Emulation) ver 1.3
[    7.372647] Bluetooth: BNEP filters: protocol multicast
[    7.372657] Bluetooth: BNEP socket layer initialized
[    7.372665] Bluetooth: HIDP (Human Interface Emulation) ver 1.2
[    7.372675] Bluetooth: HIDP socket layer initialized
[    7.372725] 8021q: 802.1Q VLAN Support v1.8
[    7.372744] [BT_RFKILL]: Enter rfkill_rk_init
[    7.372752] [WLAN_RFKILL]: Enter rfkill_wlan_init
[    7.373177] [WLAN_RFKILL]: Enter rfkill_wlan_probe
[    7.373194] [WLAN_RFKILL]: can't find rockchip,grf property
[    7.373198] [WLAN_RFKILL]: wlan_platdata_parse_dt: wifi_chip_type = ap6275p
[    7.373202] [WLAN_RFKILL]: wlan_platdata_parse_dt: enable wifi power control.
[    7.373206] [WLAN_RFKILL]: wlan_platdata_parse_dt: wifi power controled by gpio.
[    7.373236] [WLAN_RFKILL]: wlan_platdata_parse_dt: WIFI,poweren_gpio = 20 flags = 0.
[    7.373250] [WLAN_RFKILL]: wlan_platdata_parse_dt: The ref_wifi_clk not found !
[    7.373253] [WLAN_RFKILL]: rfkill_wlan_probe: init gpio
[    7.373257] [WLAN_RFKILL]: rfkill_set_wifi_bt_power: 1
[    7.373261] [WLAN_RFKILL]: Exit rfkill_wlan_probe
[    7.373567] [BT_RFKILL]: bluetooth_platdata_parse_dt: get property: uart_rts_gpios = 34.
[    7.373578] [BT_RFKILL]: bluetooth_platdata_parse_dt: get property: BT,reset_gpio = 22.
[    7.373586] [BT_RFKILL]: bluetooth_platdata_parse_dt: get property: BT,wake_gpio = 21.
[    7.373593] [BT_RFKILL]: bluetooth_platdata_parse_dt: get property: BT,wake_host_irq = 0.
[    7.373635] [BT_RFKILL]: Request irq for bt wakeup host
[    7.373675] [BT_RFKILL]: ** disable irq
[    7.373718] [BT_RFKILL]: bt_default device registered.
[    7.373756] Key type dns_resolver registered
[    7.374595] xc7160 3-001b: T-chip firefly camera driver version: 00.01.04
[    7.374625] xc7160 3-001b: Failed to get power-gpios, maybe no use
[    7.374687] xc7160 3-001b: supply avdd not found, using dummy regulator
[    7.374745] xc7160 3-001b: supply dovdd not found, using dummy regulator
[    7.374766] xc7160 3-001b: supply dvdd not found, using dummy regulator
[    7.374789] xc7160 3-001b: could not get default pinstate
[    7.374793] xc7160 3-001b: could not get sleep pinstate
[    7.374803] xc7160 3-001b: Success to get xc7160 endpoint data lanes, dts uses 4 lanes
[    7.375504] vendor storage:20190527 ret = 0
[    7.389321] xc7160 3-001b: write XC7160_REG_HIGH_SELECT failed
[    7.389475] xc7160: probe of 3-001b failed with error -5
[    7.389949] registered taskstats version 1
[    7.389961] Loading compiled-in X.509 certificates
[    7.391220] Btrfs loaded, crc32c=crc32c-generic
[    7.391348] pstore: Using crash dump compression: deflate
[    7.391756] rga3_core0 fdb60000.rga: Adding to iommu group 2
[    7.391773] iommu: Failed to allocate default IOMMU domain of type 4 for group (null) - Falling back to IOMMU_DOMAIN_DMA
[    7.391927] rga: rga3_core0_irq, irq = 34, match scheduler
[    7.392283] rga: rga3_core0 hardware loaded successfully, hw_version:3.0.76831.
[    7.392298] rga: rga3_core0 probe successfully
[    7.392553] rga3_core1 fdb70000.rga: Adding to iommu group 3
[    7.392566] iommu: Failed to allocate default IOMMU domain of type 4 for group (null) - Falling back to IOMMU_DOMAIN_DMA
[    7.392691] rga: rga3_core1_irq, irq = 35, match scheduler
[    7.392893] rga: rga3_core1 hardware loaded successfully, hw_version:3.0.76831.
[    7.392904] rga: rga3_core1 probe successfully
[    7.393141] rga: rga2_irq, irq = 36, match scheduler
[    7.393582] rga: rga2 hardware loaded successfully, hw_version:3.2.63318.
[    7.393597] rga: rga2 probe successfully
[    7.393824] rga2_mmu: IOMMU binding successfully, default mapping core[0x1]
[    7.394077] rga: Module initialized. v1.2.20
[    7.394083]
[    7.394087] ********************************************************************
[    7.394091] **     NOTICE NOTICE NOTICE NOTICE NOTICE NOTICE NOTICE           **
[    7.394095] **                                                                **
[    7.394099] **  WRITEABLE clk DebugFS SUPPORT HAS BEEN ENABLED IN THIS KERNEL **
[    7.394103] **                                                                **
[    7.394106] ** This means that this kernel is built to expose clk operations  **
[    7.394109] ** such as parent or rate setting, enabling, disabling, etc.      **
[    7.394113] ** to userspace, which may compromise security on your system.    **
[    7.394116] **                                                                **
[    7.394120] ** If you see this message and you are not debugging the          **
[    7.394123] ** kernel, report this immediately to your vendor!                **
[    7.394126] **                                                                **
[    7.394130] **     NOTICE NOTICE NOTICE NOTICE NOTICE NOTICE NOTICE           **
[    7.394134] ********************************************************************
[    7.408965] mali fb000000.gpu: Kernel DDK version g13p0-01eac0
[    7.409164] vcc5v0_host: supplied by vcc5v0_usb
[    7.413624] mali fb000000.gpu: leakage=14
[    7.413686] debugfs: Directory 'fb000000.gpu-mali' with parent 'vdd_gpu_s0' already present!
[    7.413985] vcc5v0_host3: supplied by vcc5v0_usb
[    7.415269] mali fb000000.gpu: pvtm=870
[    7.415322] mali fb000000.gpu: pvtm-volt-sel=3
[    7.416341] mali fb000000.gpu: avs=0
[    7.416442] W : [File] : drivers/gpu/arm/bifrost/platform/rk/mali_kbase_config_rk.c; [Line] : 136; [Func] : kbase_platform_rk_init(); power-off-delay-ms not available.
[    7.417102] mali fb000000.gpu: GPU hardware issue table may need updating:
[    7.417102] r0p0 status 5 is unknown; treating as r0p0 status 0
[    7.417114] mali fb000000.gpu: GPU identified as 0x7 arch 10.8.6 r0p0 status 0
[    7.417195] mali fb000000.gpu: No priority control manager is configured
[    7.417205] mali fb000000.gpu: No memory group manager is configured
[    7.417230] mali fb000000.gpu: Protected memory allocator not available
[    7.417565] mali fb000000.gpu: Capping CSF_FIRMWARE_TIMEOUT to CSF_FIRMWARE_PING_TIMEOUT
[    7.418361] mali fb000000.gpu: Couldn't find power_model DT node matching 'arm,mali-simple-power-model'
[    7.418374] mali fb000000.gpu: Error -22, no DT entry: mali-simple-power-model.static-coefficient = 1*[0]
[    7.418532] mali fb000000.gpu: Error -22, no DT entry: mali-simple-power-model.dynamic-coefficient = 1*[0]
[    7.418685] mali fb000000.gpu: Error -22, no DT entry: mali-simple-power-model.ts = 4*[0]
[    7.418851] mali fb000000.gpu: Error -22, no DT entry: mali-simple-power-model.thermal-zone = ''
[    7.421145] mali fb000000.gpu: Using configured power model mali-lodx-power-model, and fallback mali-simple-power-model
[    7.421161] pcie30_avdd1v8: supplied by avcc_1v8_s0
[    7.421266] mali fb000000.gpu: l=10000 h=85000 hyst=5000 l_limit=0 h_limit=800000000 h_table=0
[    7.421709] pcie30_avdd0v75: supplied by avdd_0v75_s0
[    7.422564] mali fb000000.gpu: Probed as mali0
[    7.423627] rockchip-dmc dmc: leakage=35
[    7.423649] rockchip-dmc dmc: leakage-volt-sel=1
[    7.424037] rockchip-dmc dmc: avs=0
[    7.424052] rockchip-dmc dmc: current ATF version 0x100
[    7.424149] rockchip-dmc dmc: normal_rate = 1560000000
[    7.424158] rockchip-dmc dmc: reboot_rate = 2112000000
[    7.424166] rockchip-dmc dmc: suspend_rate = 528000000
[    7.424173] rockchip-dmc dmc: video_4k_rate = 1560000000
[    7.424181] rockchip-dmc dmc: video_4k_10b_rate = 1560000000
[    7.424188] rockchip-dmc dmc: video_svep_rate = 1560000000
[    7.424195] rockchip-dmc dmc: boost_rate = 2112000000
[    7.424203] rockchip-dmc dmc: fixed_rate(isp|cif0|cif1|dualview) = 2112000000
[    7.424210] rockchip-dmc dmc: performance_rate = 2112000000
[    7.424218] rockchip-dmc dmc: hdmirx_rate = 2112000000
[    7.424229] rockchip-dmc dmc: failed to get vop bandwidth to dmc rate
[    7.424235] rockchip-dmc dmc: failed to get vop pn to msch rl
[    7.424343] rockchip-dmc dmc: l=10000 h=2147483647 hyst=5000 l_limit=0 h_limit=0 h_table=0
[    7.424387] rockchip-dmc dmc: could not find power_model node
[    7.434105] rockchip-vop2 fdd90000.vop: [drm:vop2_bind] vp0 assign plane mask: 0x5, primary plane phy id: 2
[    7.434120] rockchip-vop2 fdd90000.vop: [drm:vop2_bind] vp1 assign plane mask: 0xa, primary plane phy id: 3
[    7.434139] rockchip-vop2 fdd90000.vop: [drm:vop2_bind] vp2 assign plane mask: 0x140, primary plane phy id: 8
[    7.434149] rockchip-vop2 fdd90000.vop: [drm:vop2_bind] vp3 assign plane mask: 0x280, primary plane phy id: 9
[    7.434417] [drm] failed to init overlay plane Cluster0-win1
[    7.434452] [drm] failed to init overlay plane Cluster1-win1
[    7.434487] [drm] failed to init overlay plane Cluster2-win1
[    7.434520] [drm] failed to init overlay plane Cluster3-win1
[    7.448238] rockchip-drm display-subsystem: bound fdd90000.vop (ops 0xffffffc011721660)
[    7.449839] dwhdmi-rockchip fde80000.hdmi: registered ddc I2C bus driver
[    7.450337] rockchip-drm display-subsystem: bound fde80000.hdmi (ops 0xffffffc011729568)
[    7.451722] dwhdmi-rockchip fdea0000.hdmi: registered ddc I2C bus driver
[    7.452094] rockchip-drm display-subsystem: bound fdea0000.hdmi (ops 0xffffffc011729568)
[    7.452187] rockchip-drm display-subsystem: bound fde50000.dp (ops 0xffffffc01172bb38)
[    7.452252] rockchip-drm display-subsystem: bound fde60000.dp (ops 0xffffffc01172bb38)
[    7.452822] rockchip-drm display-subsystem: route-hdmi0: failed to get logo,offset
[    7.452836] rockchip-drm display-subsystem: route-hdmi1: failed to get logo,offset
[    7.452843] rockchip-drm display-subsystem: can't not find any logo display
[    7.452853] rockchip-drm display-subsystem: failed to show kernel logo
[    7.452941] rockchip-drm display-subsystem: [drm] Cannot find any crtc or sizes
[    7.453035] rockchip-drm display-subsystem: [drm] Cannot find any crtc or sizes
[    7.453066] rockchip-drm display-subsystem: [drm] Cannot find any crtc or sizes
[    7.453950] [drm] Initialized rockchip 3.0.0 20140818 for display-subsystem on minor 0
[    7.465559] phy phy-fd5d4000.syscon:usb2-phy@4000.10: illegal mode
[    7.465677] xhci-hcd xhci-hcd.11.auto: xHCI Host Controller
[    7.465754] xhci-hcd xhci-hcd.11.auto: new USB bus registered, assigned bus number 1
[    7.465847] xhci-hcd xhci-hcd.11.auto: hcc params 0x0220fe64 hci version 0x110 quirks 0x0000080002010010
[    7.465866] xhci-hcd xhci-hcd.11.auto: irq 146, io mem 0xfc400000
[    7.465989] usb usb1: New USB device found, idVendor=1d6b, idProduct=0002, bcdDevice= 5.10
[    7.465994] usb usb1: New USB device strings: Mfr=3, Product=2, SerialNumber=1
[    7.465998] usb usb1: Product: xHCI Host Controller
[    7.466002] usb usb1: Manufacturer: Linux 5.10.110 xhci-hcd
[    7.466006] usb usb1: SerialNumber: xhci-hcd.11.auto
[    7.466252] hub 1-0:1.0: USB hub found
[    7.466265] hub 1-0:1.0: 1 port detected
[    7.466372] xhci-hcd xhci-hcd.11.auto: xHCI Host Controller
[    7.466608] xhci-hcd xhci-hcd.11.auto: new USB bus registered, assigned bus number 2
[    7.466615] xhci-hcd xhci-hcd.11.auto: Host supports USB 3.0 SuperSpeed
[    7.466635] usb usb2: We don't know the algorithms for LPM for this host, disabling LPM.
[    7.466674] usb usb2: New USB device found, idVendor=1d6b, idProduct=0003, bcdDevice= 5.10
[    7.466679] usb usb2: New USB device strings: Mfr=3, Product=2, SerialNumber=1
[    7.466683] usb usb2: Product: xHCI Host Controller
[    7.466686] usb usb2: Manufacturer: Linux 5.10.110 xhci-hcd
[    7.466690] usb usb2: SerialNumber: xhci-hcd.11.auto
[    7.466860] hub 2-0:1.0: USB hub found
[    7.466870] hub 2-0:1.0: 1 port detected
[    7.467130] input: adc-keys as /devices/platform/adc-keys/input/input3
[    7.474547] input: rockchip-hdmi0 rockchip-hdmi0 as /devices/platform/hdmi0-sound/sound/card3/input4
[    7.475788] input: rockchip-hdmi1 rockchip-hdmi1 as /devices/platform/hdmi1-sound/sound/card4/input5
[    7.479246] ohci-platform fc8c0000.usb: Generic Platform OHCI controller
[    7.479444] ohci-platform fc8c0000.usb: new USB bus registered, assigned bus number 3
[    7.479523] ohci-platform fc8c0000.usb: irq 23, io mem 0xfc8c0000
[    7.479537] rk-pcie fe170000.pcie: PCIe Link up, LTSSM is 0x30011
[    7.479643] rk-pcie fe170000.pcie: PCI host bridge to bus 0002:20
[    7.479655] pci_bus 0002:20: root bus resource [bus 20-2f]
[    7.479663] pci_bus 0002:20: root bus resource [??? 0xf2000000-0xf20fffff flags 0x0]
[    7.479672] pci_bus 0002:20: root bus resource [io  0x0000-0xfffff] (bus address [0xf2100000-0xf21fffff])
[    7.479679] pci_bus 0002:20: root bus resource [mem 0xf2200000-0xf2ffffff]
[    7.479688] pci_bus 0002:20: root bus resource [mem 0x980000000-0x9bfffffff pref]
[    7.479731] pci 0002:20:00.0: [1d87:3588] type 01 class 0x060400
[    7.479758] pci 0002:20:00.0: reg 0x38: [mem 0x00000000-0x0000ffff pref]
[    7.479823] pci 0002:20:00.0: supports D1 D2
[    7.479831] pci 0002:20:00.0: PME# supported from D0 D1 D3hot
[    7.484489] pci 0002:20:00.0: Primary bus is hard wired to 0
[    7.484499] pci 0002:20:00.0: bridge configuration invalid ([bus 01-ff]), reconfiguring
[    7.484696] pci 0002:21:00.0: [14e4:449d] type 00 class 0x028000
[    7.484782] pci 0002:21:00.0: reg 0x10: [mem 0x00000000-0x0000ffff 64bit]
[    7.484836] pci 0002:21:00.0: reg 0x18: [mem 0x00000000-0x003fffff 64bit]
[    7.485336] pci 0002:21:00.0: supports D1 D2
[    7.485344] pci 0002:21:00.0: PME# supported from D0 D1 D2 D3hot D3cold
[    7.500655] pci_bus 0002:21: busn_res: [bus 21-2f] end is updated to 21
[    7.500723] pci 0002:20:00.0: BAR 8: assigned [mem 0xf2200000-0xf27fffff]
[    7.500744] pci 0002:20:00.0: BAR 6: assigned [mem 0xf2800000-0xf280ffff pref]
[    7.500768] pci 0002:21:00.0: BAR 2: assigned [mem 0xf2400000-0xf27fffff 64bit]
[    7.500827] pci 0002:21:00.0: BAR 0: assigned [mem 0xf2200000-0xf220ffff 64bit]
[    7.500882] pci 0002:20:00.0: PCI bridge to [bus 21]
[    7.500896] pci 0002:20:00.0:   bridge window [mem 0xf2200000-0xf27fffff]
[    7.503779] pcieport 0002:20:00.0: PME: Signaling with IRQ 162
[    7.540653] usb usb3: New USB device found, idVendor=1d6b, idProduct=0001, bcdDevice= 5.10
[    7.540705] usb usb3: New USB device strings: Mfr=3, Product=2, SerialNumber=1
[    7.540721] usb usb3: Product: Generic Platform OHCI controller
[    7.540734] usb usb3: Manufacturer: Linux 5.10.110 ohci_hcd
[    7.540746] usb usb3: SerialNumber: fc8c0000.usb
[    7.541582] hub 3-0:1.0: USB hub found
[    7.541635] hub 3-0:1.0: 1 port detected
[    7.542990] ehci-platform fc880000.usb: EHCI Host Controller
[    7.543475] ehci-platform fc880000.usb: new USB bus registered, assigned bus number 4
[    7.543637] ehci-platform fc880000.usb: irq 22, io mem 0xfc880000
[    7.556321] ehci-platform fc880000.usb: USB 2.0 started, EHCI 1.00
[    7.556675] usb usb4: New USB device found, idVendor=1d6b, idProduct=0002, bcdDevice= 5.10
[    7.556699] usb usb4: New USB device strings: Mfr=3, Product=2, SerialNumber=1
[    7.556720] usb usb4: Product: EHCI Host Controller
[    7.556741] usb usb4: Manufacturer: Linux 5.10.110 ehci_hcd
[    7.556759] usb usb4: SerialNumber: fc880000.usb
[    7.557813] hub 4-0:1.0: USB hub found
[    7.557880] hub 4-0:1.0: 1 port detected
[    7.561932] ohci-platform fc840000.usb: Generic Platform OHCI controller
[    7.562557] ohci-platform fc840000.usb: new USB bus registered, assigned bus number 5
[    7.562733] ohci-platform fc840000.usb: irq 21, io mem 0xfc840000
[    7.620620] usb usb5: New USB device found, idVendor=1d6b, idProduct=0001, bcdDevice= 5.10
[    7.620693] usb usb5: New USB device strings: Mfr=3, Product=2, SerialNumber=1
[    7.620722] usb usb5: Product: Generic Platform OHCI controller
[    7.620748] usb usb5: Manufacturer: Linux 5.10.110 ohci_hcd
[    7.620773] usb usb5: SerialNumber: fc840000.usb
[    7.622224] hub 5-0:1.0: USB hub found
[    7.622330] hub 5-0:1.0: 1 port detected
[    7.624749] ehci-platform fc800000.usb: EHCI Host Controller
[    7.625487] ehci-platform fc800000.usb: new USB bus registered, assigned bus number 6
[    7.625769] ehci-platform fc800000.usb: irq 20, io mem 0xfc800000
[    7.716359] usb 1-1: new high-speed USB device number 2 using xhci-hcd
[    7.729721] ehci-platform fc800000.usb: USB 2.0 started, EHCI 1.00
[    7.730487] usb usb6: New USB device found, idVendor=1d6b, idProduct=0002, bcdDevice= 5.10
[    7.730554] usb usb6: New USB device strings: Mfr=3, Product=2, SerialNumber=1
[    7.730583] usb usb6: Product: EHCI Host Controller
[    7.730609] usb usb6: Manufacturer: Linux 5.10.110 ehci_hcd
[    7.730635] usb usb6: SerialNumber: fc800000.usb
[    7.732264] hub 6-0:1.0: USB hub found
[    7.732349] hub 6-0:1.0: 1 port detected
[    7.737343] register spi return v = :0
[    7.738777] rkcif rkcif-mipi-lvds2: clear unready subdev num: 1
[    7.738813] rockchip-csi2-dphy0: No link between dphy and sensor
[    7.739326] rockchip-csi2-dphy0: No link between dphy and sensor
[    7.739355] rkcif-mipi-lvds2: rkcif_update_sensor_info: stream[0] get remote terminal sensor failed!
[    7.739384] rkcif-mipi-lvds2: Async subdev notifier completed
[    7.739393] rockchip-csi2-dphy0: No link between dphy and sensor
[    7.739410] rkcif-mipi-lvds2: rkcif_update_sensor_info: stream[0] get remote terminal sensor failed!
[    7.739418] rkcif-mipi-lvds2: There is not terminal subdev, not synchronized with ISP
[    7.739465] rockchip-csi2-dphy0: No link between dphy and sensor
[    7.739494] rkcif-mipi-lvds2: rkcif_update_sensor_info: stream[0] get remote terminal sensor failed!
[    7.739501] rkcif-mipi-lvds2: There is not terminal subdev, not synchronized with ISP
[    7.740600] dwmmc_rockchip fe2c0000.mmc: IDMAC supports 32-bit address mode.
[    7.740630] dwmmc_rockchip fe2c0000.mmc: Using internal DMA controller.
[    7.740644] dwmmc_rockchip fe2c0000.mmc: Version ID is 270a
[    7.740683] dwmmc_rockchip fe2c0000.mmc: DW MMC controller at irq 80,32 bit host data width,256 deep fifo
[    7.740996] RKNPU fdab0000.npu: Adding to iommu group 0
[    7.741030] iommu: Failed to allocate default IOMMU domain of type 4 for group (null) - Falling back to IOMMU_DOMAIN_DMA
[    7.741216] RKNPU fdab0000.npu: RKNPU: rknpu iommu is enabled, using iommu mode
[    7.742687] RKNPU fdab0000.npu: can't request region for resource [mem 0xfdab0000-0xfdabffff]
[    7.742733] RKNPU fdab0000.npu: can't request region for resource [mem 0xfdac0000-0xfdacffff]
[    7.742757] RKNPU fdab0000.npu: can't request region for resource [mem 0xfdad0000-0xfdadffff]
[    7.743272] [drm] Initialized rknpu 0.8.2 20220829 for fdab0000.npu on minor 1
[    7.747464] RKNPU fdab0000.npu: leakage=8
[    7.747528] debugfs: Directory 'fdab0000.npu-rknpu' with parent 'vdd_npu_s0' already present!
[    7.754571] mmc_host mmc1: Bus speed (slot 0) = 400000Hz (slot req 400000Hz, actual 400000HZ div = 0)
[    7.755762] RKNPU fdab0000.npu: pvtm=875
[    7.761695] RKNPU fdab0000.npu: pvtm-volt-sel=3
[    7.763243] RKNPU fdab0000.npu: avs=0
[    7.763519] RKNPU fdab0000.npu: l=10000 h=85000 hyst=5000 l_limit=0 h_limit=800000000 h_table=0
[    7.773663] RKNPU fdab0000.npu: failed to find power_model node
[    7.773705] RKNPU fdab0000.npu: RKNPU: failed to initialize power model
[    7.773721] RKNPU fdab0000.npu: RKNPU: failed to get dynamic-coefficient
[    7.775101] cfg80211: Loading compiled-in X.509 certificates for regulatory database
[    7.782633] cfg80211: Loaded X.509 cert 'sforshee: 00b28ddf47aef9cea7'
[    7.784039] platform regulatory.0: Direct firmware load for regulatory.db failed with error -2
[    7.784070] cfg80211: failed to load regulatory.db
[    7.784459] rockchip-pm rockchip-suspend: not set pwm-regulator-config
[    7.785791] I : [File] : drivers/gpu/arm/mali400/mali/linux/mali_kernel_linux.c; [Line] : 405; [Func] : mali_module_init(); svn_rev_string_from_arm of this mali_ko is '', rk_ko_ver is '5', built at '15:56:48', on 'Dec  2 2022'.
[    7.786317] Mali:
[    7.786321] Mali device driver loaded
[    7.787224] ret 1024 1
[    7.787394] ALSA device list:
[    7.787408]   #0: rockchip-dp0
[    7.787418]   #1: rockchip-es8388
[    7.787429]   #2: rockchip,hdmiin
[    7.787437]   #3: rockchip-hdmi0
[    7.787448]   #4: rockchip-hdmi1
[    7.794431] Freeing unused kernel memory: 7616K
[    7.809707] mmc_host mmc1: Bus speed (slot 0) = 49500000Hz (slot req 50000000Hz, actual 49500000HZ div = 0)
[    7.810060] mmc1: new high speed SDXC card at address b36f
[    7.811269] mmcblk1: mmc1:b36f CBADS 58.6 GiB
[    7.816392] GPT:partition_entry_array_crc32 values don't match: 0x2fbe2547 != 0x7879b85b
[    7.816411] GPT: Use GNU Parted to correct GPT errors.
[    7.816440]  mmcblk1: p1 p2 p3 p4
[    7.823060] Run /init as init process
Loading, please wait...
/dev/console is Ok
[    7.856251] usb 4-1: new high-speed USB device number 2 using ehci-platform
starting version 237
[    7.873261] usb 1-1: New USB device found, idVendor=05e3, idProduct=0610, bcdDevice=93.91
[    7.873296] usb 1-1: New USB device strings: Mfr=1, Product=2, SerialNumber=0
[    7.873310] usb 1-1: Product: USB2.1 Hub
[    7.873320] usb 1-1: Manufacturer: GenesysLogic
[    7.915488] hub 1-1:1.0: USB hub found
[    7.915936] hub 1-1:1.0: 4 ports detected
[    7.992988] usb 2-1: new SuperSpeed Gen 1 USB device number 2 using xhci-hcd
[    8.003689] usb 4-1: New USB device found, idVendor=1a40, idProduct=0101, bcdDevice= 1.00
[    8.003728] usb 4-1: New USB device strings: Mfr=0, Product=1, SerialNumber=0
[    8.003735] usb 4-1: Product: USB 2.0 Hub [MTT]
[    8.004415] hub 4-1:1.0: USB hub found
[    8.004555] hub 4-1:1.0: 4 ports detected
[    8.012360] usb 2-1: New USB device found, idVendor=05e3, idProduct=0620, bcdDevice=93.91
[    8.012386] usb 2-1: New USB device strings: Mfr=1, Product=2, SerialNumber=0
[    8.012395] usb 2-1: Product: USB3.2 Hub
[    8.012404] usb 2-1: Manufacturer: GenesysLogic
[    8.043153] hub 2-1:1.0: USB hub found
[    8.043612] hub 2-1:1.0: 4 ports detected
[    8.309849] es8323_line1_line2_line2diff_switch:2
[    9.387554] rk_hdmirx fdee0000.hdmirx-controller: hdmirx_cancel_cpu_limit_freq freq qos nod add
Begin: Loading essential drivers ... done.
Begin: Running /scripts/init-premount ... done.
Begin: Mounting root file system ... Begin: Running /scripts/local-top ... done.
Begin: Running /scripts/local-premount ... done.
Begin: Will now check root file system ... fsck from util-linux 2.36.1-4309-dirty
[/sbin/fsck.ext4 (1) -- /dev/mmcblk1p3] fsck.ext4 -a -C0 /dev/mmcblk1p3
Ubuntu20.04: clean, 40429/98304 files, 269557/373519 blocks
done.
[   10.042527] EXT4-fs (mmcblk1p3): mounted filesystem with ordered data mode. Opts: (null)
done.
Begin: Running /scripts/local-bottom ... done.
Begin: Running /scripts/init-bottom ... Warning: overlayroot: configuring overlayroot with driver=overlay mode=device opts='dev=PARTLABEL=userdata,fstype=ext4,mkfs=1' per kernel cmdline
[   10.383121] EXT4-fs (mmcblk1p4): recovery complete
[   10.384217] EXT4-fs (mmcblk1p4): mounted filesystem with ordered data mode. Opts: (null)
Success: overlayroot: configured root with 'device:dev=PARTLABEL=userdata,fstype=ext4,mkfs=1' using overlay per kernel cmdline
Warning: Something odd, no /lib/modules/5.10.110 in initramfs.
done.
[   10.572367] EXT4-fs (mmcblk1p2): recovery complete
[   10.573216] EXT4-fs (mmcblk1p2): mounted filesystem with ordered data mode. Opts: (null)
[   10.573272] ext4 filesystem being mounted at /root/boot supports timestamps until 2038 (0x7fffffff)
[   11.263624] systemd[1]: System time before build time, advancing clock.
[   11.302581] systemd[1]: Failed to find module 'autofs4'
[   11.435377] systemd[1]: systemd 245.4-4ubuntu4.0firefly1 running in system mode. (+PAM +AUDIT +SELINUX +IMA +APPARMOR +SMACK +SYSVINIT +UTMP +LIBCRYPTSETUP +GCRYPT +GNUTLS +ACL +XZ +LZ4 +SECCOMP +BLKID +ELFUTILS +KMOD +IDN2 -IDN +PCRE2 default-hierarchy=hybrid)
[   11.437249] systemd[1]: Detected architecture arm64.

Welcome to Ubuntu 20.04.4 LTS!

[   11.449099] systemd[1]: Set hostname to <firefly>.
[   12.027794] systemd[1]: Created slice system-modprobe.slice.
[  OK  ] Created slice system-modprobe.slice.
[   12.029375] systemd[1]: Created slice system-serial\x2dgetty.slic[  OK  ] Created slice system-serial\x2d.getty.slice.

[   12.030921] systemd[1]: Created slice User and Session Slice.
[  OK  ] Created slice User and Session Slice.
[  OK  ] Started Dispatch Password …ts to Console Directory Watch.
[  OK  ] Started Forward Password R…uests to Wall Directory Watch.
[  OK  ] Reached target Local Encrypted Volumes.
[  OK  ] Reached target Remote File Systems.
[  OK  ] Reached target Slices.
[  OK  ] Reached target Swap.
[  OK  ] Listening on Syslog Socket.
[  OK  ] Listening on initctl Compatibility Named Pipe.
[  OK  ] Listening on Journal Audit Socket.
[  OK  ] Listening on Journal Socket (/dev/log).
[  OK  ] Listening on Journal Socket.
[  OK  ] Listening on udev Control Socket.
[  OK  ] Listening on udev Kernel Socket.
[   12.031751] systemd[1]: Started Dispatch Password Requests to Console Directory Watch.
[   12.032393] systemd[1]: Started Forward Password Requests to Wall Directory Watch.
[   12.033050] systemd[1]: Condition check resulted in Arbitrary Executable File Formats File System Automount Point being skipped.
[   12.033145] systemd[1]: Reached target Local Encrypted Volumes.
[         Mounting Huge Pages File System...
   12.033598] systemd[1]: Reached target Remote File Systems.
[   12.034058] systemd[1]: Reached target Slices.
[   12.034505] systemd[1]: Reached target Swap.
[   12.035258] systemd[1]: Listening on Syslog Socket.
[   12.035569] systemd[1]: Listening on initctl Compatibility Named Pipe.
[   12.036519] systemd[1]: Listening on Journal Audit So         Mounting PcOSIX Message Queue File Systekm...
et.
[   12.036896] systemd[1]: Listening on Journal Socket (/dev/log).
[   12.037474] systemd[1]: Listening on Journal Socket.
[   12.037964] systemd[1]: Listening on udev Control Socket.
[   12.038362] systemd[1]: Listening on udev Kernel Socket.
[   12.041692] systemd[1]: Mounting Huge Pages File S         Mounting ysKernel Debug File Systemm...
em...
[   12.044690] systemd[1]: Mounting POSIX Message Queue File System...
[   12.047451] systemd[1]: Mounting Kernel Debug File System...
        [  M o u12n.t0i5n11g33]  s[s0t;em1d;[319]:m KMeorunnteiln Trace File System...
g Kernel Trace File System...
[   12.056004] systemd[1]: Starting Journal Service...
         Starting Journal Service...
[   12.059757] systemd[1]: Starting Set the console keyboard layout.         Starting Se.t the console keyboard layout...
.
         Starting Create list of st…odes for the current kernel...
[   12.062051] systemd[1]: Starting Create list of static device nodes for the current kernel...
[   12.062326] systemd[1]: Condition check resulted in Load Kernel Module drm being skipped.
[   12.066731] systemd[1]: Condition check resulted in Set Up Additional Binary Formats being skipped.
         Starting ; 1 ; 3192m.L0o7a1d2 0K2e] rsnyeslt eMmodd[u1es...
]: Starting Load Kernel Modules...
         Starting Re[m o u n12t. 0R7o3o3t0 2a]n ds yKsetrenel File Systems...
md[1]: Starting Remount Root and Kernel File Systems...
[   12.075439] systemd[1]: Starting udev Coldplug all Devices...
         Starting udev Coldplug all Devices...
[   12.077925] systemd[1]: Finished Create list of static device nod[  OK  ] Finishede Create list of st▒s▒▒ nodes for the current kernel.
 for the current kernel.
y  OK  ] Finished [R e m o1u2n.t0 9R1o0o4t9]  asnd Kernel File Systems.
 stemd[1]: Finished Remount Root and Kernel File Systems.
[   12.118743] systemd[1]: Condition check resulted in Rebuild Hardware Database being skipped.
[   12.121163] systemd[1]: Starting Platform Persistent Storage Arch         Starting Pilatform Persistent Storage Archival...
val...
[   12.123806] systemd[1]: Starting Load/Save Random Seed...
         Starting Load/Save Random Seed...
         Starting Create System Users...
[   12.126194] systemd[1]: Starting Create System Users...
[   12.127604] systemd[1]: Finished Load Kernel Modules.
[  OK  ] Finished Load Kernel Modules.
[   12.130453] systemd[1]: Mounting FUSE Control File System...
         Mounting FUSE Control File System...
[   12.133033] systemd[1]: Mounting Kernel Configuration File System         Mounting Kernel Configuration File System.....
.
[   12.135567] systemd[1]: Starting Apply Kernel Variables...
         Starting Apply Kernel Variables...
[   12.185937] systemd[1]: Mounted Huge Pages File System.
[  OK  ] Mounted Huge Pages File System.
[  OK  ] Mounted POSIX Message Queue File System.
[  OK  ] Mounted Kernel Debug File System.
[   12.186787] systemd[1]: Mounted POSIX Message Queue File System.
[   12.187217] systemd[1]: Mount[  OK  ] Finished ePlatform Persistent Sdtorage Archival.
 Kernel Debug File System.
[   12.188395][  OK  ] Mounted 0;1;39mFUSE Control File System.
systemd[1]: Finished Pla[  OK  ] Mounted Kernel Configuration File System.
tform Persistent Storage Archival.
[   12.189281] systemd[1]: Mounted FUSE Control File System.
[   12.190016] systemd[1]: Mounted Kernel Configuration File System.
[   12.194993] systemd[1]: Mounted Ke[r[e0l; 3T2rma c eO KF i l[0m] Mounted Kernel T race File System.
System.
[   12.202989] systemd[1]: Finished Load/Save Random Seed.
[  OK  ] Finished Load/Save Random Seed.
[   12.204930] systemd[1]: Finished Create System Users.
[  OK  ] Finished Create System Users.
[   12.207985] systemd[1]: Starting Create Static Device Nodes in /d         Starting Create Static Device Nodes in /dev...
ev...
[  OK  ] Started Journal Service.
[  OK  ] Finished Apply Kernel Variables.
         Starting Flush Journal to Persistent Storage...
[  OK  ] Finished Create Static Device Nodes in /dev.
         Starting udev Kernel Device Manager...
[  OK  ] Finished Set the console keyboard layout.
[  OK  ] Reached target Local File Systems (Pre).
[  OK  ] Reached target Local File Systems.
         Starting Set console font and keymap...
[  OK  ] Finished udev Coldplug all Devices.
[  OK  ] Finished Set console font and keymap.
[  OK  ] Finished Flush Journal to Persistent Storage.
         Starting Create Volatile Files and Directories...
[  OK  ] Finished Create Volatile Files and Directories.
         Starting Network Name Resolution...
         Starting Network Time Synchronization...
         Starting Update UTMP about System Boot/Shutdown...
[  OK  ] Finished Update UTMP about System Boot/Shutdown.
[  OK  ] Started udev Kernel Device Manager.
[  OK  ] Started Network Time Synchronization.
[  OK  ] Reached target System Initialization.
[  OK  ] Started Trigger to poll fo…y enabled on GCP LTS non-pro).
[  OK  ] Started Daily Cleanup of Temporary Directories.
[  OK  ] Started Ubuntu Advantage Timer for running repeated jobs.
[  OK  ] Reached target Paths.
[  OK  ] Reached target System Time Set.
[  OK  ] Reached target System Time Synchronized.
[  OK  ] Started Trigger anacron every hour.
[  OK  ] Started Daily apt download activities.
[  OK  ] Started Daily apt upgrade and clean activities.
[  OK  ] Started Periodic ext4 Onli…ata Check for All Filesystems.
[  OK  ] Started Discard unused blocks once a week.
[  OK  ] Reached target Timers.
[  OK  ] Listening on D-Bus System Message Bus Socket.
[  OK  ] Reached target Sockets.
[  OK  ] Reached target Basic System.
         Starting Adbd for linux...
[  OK  ] Started Run anacron jobs.
[  OK  ] Started D-Bus System Message Bus.
         Starting Network Manager...
[  OK  ] Started Save initial kernel messages after boot.
         Starting Remove Stale Onli…t4 Metadata Check Snapshots...
[  OK  ] Started start firefly-fan service.
[  OK  ] Started Set the CPU Frequency Scaling governor.
         Starting Authorization Manager...
         Starting Restore /etc/reso… the ppp link was shut down...
         Starting rkisp 3A engine...
[  OK  ] Started start rknn_server service.
         Starting System Logging Service...
         Starting Login Service...
         Starting WPA supplicant...
[   12.892004] rkcif-mipi-lvds2: rkcif_update_sensor_info: stream[0] get remote terminal sensor failed!
[   12.892030] stream_cif_mipi_id0: update sensor info failed -19
[   12.893400] rkcif-mipi-lvds2: rkcif_update_sensor_info: stream[1] get remote terminal sensor failed!
[   12.893417] stream_cif_mipi_id1: update sensor info failed -19
[   12.893844] rkcif-mipi-lvds2: rkcif_update_sensor_info: stream[2] get remote terminal sensor failed!
[   12.893852] rkcif_tools_id2: update sensor info failed -19
[   12.894312] rkcif-mipi-lvds2: rkcif_update_sensor_info: stream[2] get remote terminal sensor failed!
[   12.894317] stream_cif_mipi_id2: update sensor info failed -19
[   12.896309] rkcif-mipi-lvds2: rkcif_update_sensor_info: stream[0] get remote terminal sensor failed!
[   12.896316] rkcif_scale_ch0: update sensor info failed -19
[   12.896324] rkcif-mipi-lvds2: rkcif_update_sensor_info: stream[3] get remote terminal sensor failed!
[   12.896330] stream_cif_mipi_id3: update sensor info failed -19
[   12.897889] rkcif-mipi-lvds2: rkcif_update_sensor_info: stream[1] get remote terminal sensor failed!
[   12.897894] rkcif_scale_ch1: update sensor info failed -19
[   12.900290] rkcif-mipi-lvds2: rkcif_update_sensor_info: stream[3] get remote terminal sensor failed!
[   12.900302] rkcif_scale_ch3: update sensor info failed -19
[   12.900587] rkcif-mipi-lvds2: rkcif_update_sensor_info: stream[2] get remote terminal sensor failed!
[   12.900592] rkcif_scale_ch2: update sensor info failed -19
[   12.902714] rkcif-mipi-lvds2: rkcif_update_sensor_info: stream[0] get remote terminal sensor failed!
[   12.902724] rkcif_tools_id0: update sensor info failed -19
[   12.905515] rkcif-mipi-lvds2: rkcif_update_sensor_info: stream[1] get remote terminal sensor failed!
[   12.905534] rkcif_tools_id1: update sensor info failed -19
[  OK  ] Finished Restore /etc/reso…re the ppp link was shut down.
[  OK  ] Found device /dev/ttyFIQ0.
[  OK  ] Listening on Load/Save RF …itch Status /dev/rfkill Watch.
         Starting Save/Restore Sound Card State...
         Starting Load/Save RF Kill Switch Status...
[  OK  ] Started rkisp 3A engine.
[  OK  ] Finished Remove Stale Onli…ext4 Metadata Check Snapshots.
[  OK  ] Started Load/Save RF Kill Switch Status.
[   13.604622] [dhd] STATIC-MSG) dhd_static_buf_init : 101.10.361.18 (wlan=r892223-20220519-1)
[   13.605001] [dhd] STATIC-MSG) dhd_init_wlan_mem : prealloc ok for index 0: 8131584(7941K)
[   14.058600] [dhd] _dhd_module_init: in Dongle Host Driver, version 101.10.361.20 (wlan=r892223-20220701-3)
[   14.058600] drivers/net/wireless/rockchip_wlan/rkwifi/bcmdhd compiled on Dec  2 2022 at 15:57:34
[   14.058600]
[   14.059083] [dhd] STATIC-MSG) dhd_wlan_mem_prealloc : sectoin 3, size 139264
[   14.059122] [dhd] STATIC-MSG) dhd_wlan_mem_prealloc : sectoin 4, size 0
[  OK  ] Started System Logging Service.
[  OK  ] Started Network Name Resolution.
[  OK  ] Reached target Host and Network Name Lookups.
[   14.145026] [dhd] STATIC-MSG) dhd_wlan_mem_prealloc : sectoin 7, size 35072
[   14.145423] [dhd] STATIC-MSG) dhd_wlan_mem_prealloc : sectoin 0, size 1776
[   14.155353] [dhd] STATIC-MSG) dhd_wlan_mem_prealloc : sectoin 5, size 65536
[   14.158683] [dhd] STATIC-MSG) dhd_wlan_mem_prealloc : sectoin 19, size 65712
[   14.158729] [dhd] STATIC-MSG) dhd_wlan_mem_prealloc : sectoin 20, size 262144
[   14.158778] [dhd] STATIC-MSG) dhd_wlan_mem_prealloc : sectoin 22, size 65536
[  OK  ] Finished Save/Restore Sound Card State.
[  OK  ] Reached target Sound Card.
[   14.463443] [dhd] STATIC-MSG) dhd_wlan_mem_prealloc : sectoin 9, size 32896
[  OK  ] Started Login Service.
[  OK  ] Started WPA supplicant.
[  OK  ] Started Authorization Manager.
         Starting Modem Manager...
[  OK  ] Started Adbd for linux.
[  OK  ] Started Setup rockchip platform environment.
         Starting Hostname Service...
[  OK  ] Started Hostname Service.
         Starting Network Manager Script Dispatcher Service...
[  OK  ] Started Modem Manager.
[  OK  ] Started Network Manager Script Dispatcher Service.
[   15.992195] [dhd] STATIC-MSG) dhd_wlan_mem_prealloc : sectoin 9, size 32896
[  OK  ] Started Network Manager.
[  OK  ] Reached target Network.
         Starting OpenBSD Secure Shell server...
         Starting Permit User Sessions...
[  OK  ] Finished Permit User Sessions.
[  OK  ] Started Serial Getty on ttyFIQ0.
         Starting Set console scheme...
[  OK  ] Finished Set console scheme.
[  OK  ] Created slice system-getty.slice.
[  OK  ] Started Getty on tty1.
[  OK  ] Reached target Login Prompts.
[  OK  ] Started OpenBSD Secure Shell server.
[  OK  ] Reached target Multi-User System.
[  OK  ] Reached target Graphical Interface.
         Starting Update UTMP about System Runlevel Changes...
[  OK  ] Finished Update UTMP about System Runlevel Changes.

Ubuntu 20.04.4 LTS firefly ttyFIQ0

firefly login: root (automatic login)

 _____ _           __ _
|  ___(_)_ __ ___ / _| |_   _
| |_  | | '__/ _ \ |_| | | | |
|  _| | | | |  __/  _| | |_| |
|_|   |_|_|  \___|_| |_|\__, |
                        |___/
Welcome to Ubuntu 20.04.4 LTS (GNU/Linux 5.10.110 aarch64)

 * Documentation:  http://wiki.t-firefly.com
 * Management:     http://www.t-firefly.com

System information as of Mon Jun 28 09:40:34 UTC 2021

System load:   0.79 0.17 0.05   Up time:       0 min
Memory usage:  4 % of 3456MB    IP:
Usage of /:    1% of 52G

Last login: Mon Jun 28 09:40:34 UTC 2021 on tty1
root@firefly:~#

```
